[    0.000000] kernel: Linux version 6.8.0-49-generic (buildd@lcy02-amd64-103) (x86_64-linux-gnu-gcc-12 (Ubuntu 12.3.0-1ubuntu1~22.04) 12.3.0, GNU ld (GNU Binutils for Ubuntu) 2.38) #49~22.04.1-Ubuntu SMP PREEMPT_DYNAMIC Wed Nov  6 17:42:15 UTC 2 (Ubuntu 6.8.0-49.49~22.04.1-generic 6.8.12)
[    0.000000] kernel: Command line: BOOT_IMAGE=/boot/vmlinuz-6.8.0-49-generic root=UUID=4145ed75-0785-4f60-81db-90b9fa1571f6 ro iommu=soft quiet splash vt.handoff=7
[    0.000000] kernel: KERNEL supported cpus:
[    0.000000] kernel:   Intel GenuineIntel
[    0.000000] kernel:   AMD AuthenticAMD
[    0.000000] kernel:   Hygon HygonGenuine
[    0.000000] kernel:   Centaur CentaurHauls
[    0.000000] kernel:   zhaoxin   Shanghai  
[    0.000000] kernel: BIOS-provided physical RAM map:
[    0.000000] kernel: BIOS-e820: [mem 0x0000000000000000-0x000000000009ffff] usable
[    0.000000] kernel: BIOS-e820: [mem 0x00000000000a0000-0x00000000000fffff] reserved
[    0.000000] kernel: BIOS-e820: [mem 0x0000000000100000-0x0000000003ffffff] usable
[    0.000000] kernel: BIOS-e820: [mem 0x0000000004000000-0x0000000004045fff] ACPI NVS
[    0.000000] kernel: BIOS-e820: [mem 0x0000000004046000-0x0000000009afefff] usable
[    0.000000] kernel: BIOS-e820: [mem 0x0000000009aff000-0x0000000009ffffff] reserved
[    0.000000] kernel: BIOS-e820: [mem 0x000000000a000000-0x000000000affffff] usable
[    0.000000] kernel: BIOS-e820: [mem 0x000000000b000000-0x000000000b020fff] reserved
[    0.000000] kernel: BIOS-e820: [mem 0x000000000b021000-0x00000000623e7fff] usable
[    0.000000] kernel: BIOS-e820: [mem 0x00000000623e8000-0x00000000683e7fff] reserved
[    0.000000] kernel: BIOS-e820: [mem 0x00000000683e8000-0x0000000068613fff] ACPI data
[    0.000000] kernel: BIOS-e820: [mem 0x0000000068614000-0x000000006a613fff] ACPI NVS
[    0.000000] kernel: BIOS-e820: [mem 0x000000006a614000-0x000000006e7fefff] reserved
[    0.000000] kernel: BIOS-e820: [mem 0x000000006e7ff000-0x000000006fff2fff] usable
[    0.000000] kernel: BIOS-e820: [mem 0x000000006fff3000-0x000000006fff5fff] reserved
[    0.000000] kernel: BIOS-e820: [mem 0x000000006fff6000-0x000000006fffdfff] usable
[    0.000000] kernel: BIOS-e820: [mem 0x000000006fffe000-0x000000007fffffff] reserved
[    0.000000] kernel: BIOS-e820: [mem 0x00000000c7200000-0x00000000c72fffff] reserved
[    0.000000] kernel: BIOS-e820: [mem 0x00000000e0000000-0x00000000efffffff] reserved
[    0.000000] kernel: BIOS-e820: [mem 0x00000000fea00000-0x00000000feafffff] reserved
[    0.000000] kernel: BIOS-e820: [mem 0x00000000fec00000-0x00000000fec00fff] reserved
[    0.000000] kernel: BIOS-e820: [mem 0x00000000fec10000-0x00000000fec10fff] reserved
[    0.000000] kernel: BIOS-e820: [mem 0x00000000fec30000-0x00000000fec30fff] reserved
[    0.000000] kernel: BIOS-e820: [mem 0x00000000fed00000-0x00000000fed00fff] reserved
[    0.000000] kernel: BIOS-e820: [mem 0x00000000fed40000-0x00000000fed44fff] reserved
[    0.000000] kernel: BIOS-e820: [mem 0x00000000fed80000-0x00000000fed8ffff] reserved
[    0.000000] kernel: BIOS-e820: [mem 0x00000000fedc2000-0x00000000fedcffff] reserved
[    0.000000] kernel: BIOS-e820: [mem 0x00000000fedd4000-0x00000000fedd5fff] reserved
[    0.000000] kernel: BIOS-e820: [mem 0x00000000ff000000-0x00000000ffffffff] reserved
[    0.000000] kernel: BIOS-e820: [mem 0x0000000100000000-0x000000207dbbffff] usable
[    0.000000] kernel: BIOS-e820: [mem 0x000000207dbc0000-0x000000207fffffff] reserved
[    0.000000] kernel: NX (Execute Disable) protection: active
[    0.000000] kernel: APIC: Static calls initialized
[    0.000000] kernel: e820: update [mem 0x42792018-0x427b6a57] usable ==> usable
[    0.000000] kernel: e820: update [mem 0x42792018-0x427b6a57] usable ==> usable
[    0.000000] kernel: e820: update [mem 0x4277f018-0x42791057] usable ==> usable
[    0.000000] kernel: e820: update [mem 0x4277f018-0x42791057] usable ==> usable
[    0.000000] kernel: e820: update [mem 0x4275a018-0x4277ea57] usable ==> usable
[    0.000000] kernel: e820: update [mem 0x4275a018-0x4277ea57] usable ==> usable
[    0.000000] kernel: extended physical RAM map:
[    0.000000] kernel: reserve setup_data: [mem 0x0000000000000000-0x000000000009ffff] usable
[    0.000000] kernel: reserve setup_data: [mem 0x00000000000a0000-0x00000000000fffff] reserved
[    0.000000] kernel: reserve setup_data: [mem 0x0000000000100000-0x0000000003ffffff] usable
[    0.000000] kernel: reserve setup_data: [mem 0x0000000004000000-0x0000000004045fff] ACPI NVS
[    0.000000] kernel: reserve setup_data: [mem 0x0000000004046000-0x0000000009afefff] usable
[    0.000000] kernel: reserve setup_data: [mem 0x0000000009aff000-0x0000000009ffffff] reserved
[    0.000000] kernel: reserve setup_data: [mem 0x000000000a000000-0x000000000affffff] usable
[    0.000000] kernel: reserve setup_data: [mem 0x000000000b000000-0x000000000b020fff] reserved
[    0.000000] kernel: reserve setup_data: [mem 0x000000000b021000-0x000000004275a017] usable
[    0.000000] kernel: reserve setup_data: [mem 0x000000004275a018-0x000000004277ea57] usable
[    0.000000] kernel: reserve setup_data: [mem 0x000000004277ea58-0x000000004277f017] usable
[    0.000000] kernel: reserve setup_data: [mem 0x000000004277f018-0x0000000042791057] usable
[    0.000000] kernel: reserve setup_data: [mem 0x0000000042791058-0x0000000042792017] usable
[    0.000000] kernel: reserve setup_data: [mem 0x0000000042792018-0x00000000427b6a57] usable
[    0.000000] kernel: reserve setup_data: [mem 0x00000000427b6a58-0x00000000623e7fff] usable
[    0.000000] kernel: reserve setup_data: [mem 0x00000000623e8000-0x00000000683e7fff] reserved
[    0.000000] kernel: reserve setup_data: [mem 0x00000000683e8000-0x0000000068613fff] ACPI data
[    0.000000] kernel: reserve setup_data: [mem 0x0000000068614000-0x000000006a613fff] ACPI NVS
[    0.000000] kernel: reserve setup_data: [mem 0x000000006a614000-0x000000006e7fefff] reserved
[    0.000000] kernel: reserve setup_data: [mem 0x000000006e7ff000-0x000000006fff2fff] usable
[    0.000000] kernel: reserve setup_data: [mem 0x000000006fff3000-0x000000006fff5fff] reserved
[    0.000000] kernel: reserve setup_data: [mem 0x000000006fff6000-0x000000006fffdfff] usable
[    0.000000] kernel: reserve setup_data: [mem 0x000000006fffe000-0x000000007fffffff] reserved
[    0.000000] kernel: reserve setup_data: [mem 0x00000000c7200000-0x00000000c72fffff] reserved
[    0.000000] kernel: reserve setup_data: [mem 0x00000000e0000000-0x00000000efffffff] reserved
[    0.000000] kernel: reserve setup_data: [mem 0x00000000fea00000-0x00000000feafffff] reserved
[    0.000000] kernel: reserve setup_data: [mem 0x00000000fec00000-0x00000000fec00fff] reserved
[    0.000000] kernel: reserve setup_data: [mem 0x00000000fec10000-0x00000000fec10fff] reserved
[    0.000000] kernel: reserve setup_data: [mem 0x00000000fec30000-0x00000000fec30fff] reserved
[    0.000000] kernel: reserve setup_data: [mem 0x00000000fed00000-0x00000000fed00fff] reserved
[    0.000000] kernel: reserve setup_data: [mem 0x00000000fed40000-0x00000000fed44fff] reserved
[    0.000000] kernel: reserve setup_data: [mem 0x00000000fed80000-0x00000000fed8ffff] reserved
[    0.000000] kernel: reserve setup_data: [mem 0x00000000fedc2000-0x00000000fedcffff] reserved
[    0.000000] kernel: reserve setup_data: [mem 0x00000000fedd4000-0x00000000fedd5fff] reserved
[    0.000000] kernel: reserve setup_data: [mem 0x00000000ff000000-0x00000000ffffffff] reserved
[    0.000000] kernel: reserve setup_data: [mem 0x0000000100000000-0x000000207dbbffff] usable
[    0.000000] kernel: reserve setup_data: [mem 0x000000207dbc0000-0x000000207fffffff] reserved
[    0.000000] kernel: efi: EFI v2.8 by American Megatrends
[    0.000000] kernel: efi: ACPI=0x68613000 ACPI 2.0=0x68613014 TPMFinalLog=0x6a5c4000 SMBIOS=0x6e2b0000 SMBIOS 3.0=0x6e2af000 MEMATTR=0x5c4e0018 ESRT=0x5c535d98 MOKvar=0x6e579000 RNG=0x685efc18 TPMEventLog=0x427b7018 
[    0.000000] kernel: random: crng init done
[    0.000000] kernel: efi: Remove mem56: MMIO range=[0xc7200000-0xc72fffff] (1MB) from e820 map
[    0.000000] kernel: e820: remove [mem 0xc7200000-0xc72fffff] reserved
[    0.000000] kernel: efi: Remove mem57: MMIO range=[0xe0000000-0xefffffff] (256MB) from e820 map
[    0.000000] kernel: e820: remove [mem 0xe0000000-0xefffffff] reserved
[    0.000000] kernel: efi: Remove mem58: MMIO range=[0xfea00000-0xfeafffff] (1MB) from e820 map
[    0.000000] kernel: e820: remove [mem 0xfea00000-0xfeafffff] reserved
[    0.000000] kernel: efi: Not removing mem59: MMIO range=[0xfec00000-0xfec00fff] (4KB) from e820 map
[    0.000000] kernel: efi: Not removing mem60: MMIO range=[0xfec10000-0xfec10fff] (4KB) from e820 map
[    0.000000] kernel: efi: Not removing mem61: MMIO range=[0xfec30000-0xfec30fff] (4KB) from e820 map
[    0.000000] kernel: efi: Not removing mem62: MMIO range=[0xfed00000-0xfed00fff] (4KB) from e820 map
[    0.000000] kernel: efi: Not removing mem63: MMIO range=[0xfed40000-0xfed44fff] (20KB) from e820 map
[    0.000000] kernel: efi: Not removing mem64: MMIO range=[0xfed80000-0xfed8ffff] (64KB) from e820 map
[    0.000000] kernel: efi: Not removing mem65: MMIO range=[0xfedc2000-0xfedcffff] (56KB) from e820 map
[    0.000000] kernel: efi: Not removing mem66: MMIO range=[0xfedd4000-0xfedd5fff] (8KB) from e820 map
[    0.000000] kernel: efi: Remove mem67: MMIO range=[0xff000000-0xffffffff] (16MB) from e820 map
[    0.000000] kernel: e820: remove [mem 0xff000000-0xffffffff] reserved
[    0.000000] kernel: secureboot: Secure boot disabled
[    0.000000] kernel: SMBIOS 3.6.0 present.
[    0.000000] kernel: DMI: Lambda Lambda Vector/Pro WS TRX50-SAGE WIFI, BIOS 0701 01/04/2024
[    0.000000] kernel: tsc: Fast TSC calibration using PIT
[    0.000000] kernel: tsc: Detected 4193.663 MHz processor
[    0.000110] kernel: e820: update [mem 0x00000000-0x00000fff] usable ==> reserved
[    0.000111] kernel: e820: remove [mem 0x000a0000-0x000fffff] usable
[    0.000118] kernel: last_pfn = 0x207dbc0 max_arch_pfn = 0x10000000000
[    0.000123] kernel: MTRR map: 6 entries (3 fixed + 3 variable; max 20), built from 9 variable MTRRs
[    0.000125] kernel: x86/PAT: Configuration [0-7]: WB  WC  UC- UC  WB  WP  UC- WT  
[    0.000323] kernel: x2apic: enabled by BIOS, switching to x2apic ops
[    0.000328] kernel: last_pfn = 0x6fffe max_arch_pfn = 0x10000000000
[    0.002862] kernel: esrt: Reserving ESRT space from 0x000000005c535d98 to 0x000000005c535dd0.
[    0.002868] kernel: e820: update [mem 0x5c535000-0x5c535fff] usable ==> reserved
[    0.002882] kernel: Using GB pages for direct mapping
[    0.003188] kernel: secureboot: Secure boot disabled
[    0.003188] kernel: RAMDISK: [mem 0x437c2000-0x48184fff]
[    0.003193] kernel: ACPI: Early table checksum verification disabled
[    0.003196] kernel: ACPI: RSDP 0x0000000068613014 000024 (v02 AMD   )
[    0.003198] kernel: ACPI: XSDT 0x0000000068612728 00011C (v01 AMD    A M I    03242016 AMI  01000013)
[    0.003203] kernel: ACPI: FACP 0x000000006860E000 000114 (v06 AMD    A M I    03242016 AMI  00010013)
[    0.003207] kernel: ACPI: DSDT 0x00000000685F9000 0147D2 (v02 AMD    A M I    03242016 INTL 20220331)
[    0.003208] kernel: ACPI: FACS 0x000000006A5F4000 000040
[    0.003210] kernel: ACPI: SSDT 0x0000000068611000 0007D0 (v01 AMD    PTUP     00000001 ASUS 00000001)
[    0.003211] kernel: ACPI: SSDT 0x0000000068610000 0009CC (v02 AMD    BOULDERG 00000002 MSFT 04000000)
[    0.003213] kernel: ACPI: SSDT 0x000000006860F000 000067 (v02 AMD    CPMDSM   00000001 INTL 20220331)
[    0.003214] kernel: ACPI: FIDT 0x00000000685F8000 00009C (v01 AMD    A M I    03242016 AMI  00010013)
[    0.003215] kernel: ACPI: MCFG 0x00000000685F6000 00003C (v01 AMD    A M I    03242016 MSFT 00010013)
[    0.003217] kernel: ACPI: SSDT 0x00000000685F5000 0005C5 (v02 AMD    CPUSSDT  03242016 AMI  03242016)
[    0.003218] kernel: ACPI: HPET 0x00000000685F4000 000038 (v01 AMD    A M I    03242016 AMI  00000005)
[    0.003220] kernel: ACPI: SSDT 0x00000000685F2000 001B53 (v02 AMD    CPMRAS   00000001 INTL 20220331)
[    0.003221] kernel: ACPI: BERT 0x00000000685F1000 000030 (v01 AMD    AMD BERT 00000001 AMD  00000001)
[    0.003222] kernel: ACPI: FPDT 0x00000000685EE000 000044 (v01 AMD    A M I    01072009 AMI  01000013)
[    0.003224] kernel: ACPI: SSDT 0x00000000685EB000 002448 (v02 AMD    GPP_PME_ 00000001 INTL 20220331)
[    0.003225] kernel: ACPI: SSDT 0x00000000685E8000 002448 (v02 AMD    GPP_PME_ 00000001 INTL 20220331)
[    0.003226] kernel: ACPI: SSDT 0x00000000685E5000 002448 (v02 AMD    GPP_PME_ 00000001 INTL 20220331)
[    0.003228] kernel: ACPI: SSDT 0x00000000685E2000 002448 (v02 AMD    GPP_PME_ 00000001 INTL 20220331)
[    0.003229] kernel: ACPI: WPBT 0x00000000684AC000 000040 (v01 AMD    A M I    00000001 ASUS 00000001)
[    0.003230] kernel: ACPI: TPM2 0x00000000684AB000 00004C (v04 AMD    A M I    00000001 AMI  00000000)
[    0.003232] kernel: ACPI: SSDT 0x000000006849F000 00B96E (v02 AMD    AMD CPU  00000001 AMD  00000001)
[    0.003233] kernel: ACPI: HMAT 0x000000006849E000 0000A4 (v02 AMD    AmdTable 00000001 AMD  00000001)
[    0.003235] kernel: ACPI: IVRS 0x000000006849D000 0001E8 (v02 AMD    AmdTable 00000001 AMD  00000001)
[    0.003236] kernel: ACPI: SSDT 0x000000006849C000 0006D4 (v02 AMD    CPMWLRC  00000001 INTL 20220331)
[    0.003237] kernel: ACPI: SSDT 0x0000000068492000 00982F (v02 AMD    CPMCMN   00000001 INTL 20220331)
[    0.003239] kernel: ACPI: SSDT 0x000000006848F000 00255B (v02 AMD    AOD      00000001 INTL 20220331)
[    0.003240] kernel: ACPI: WSMT 0x000000006848E000 000028 (v01 AMD    A M I    03242016 AMI  00010013)
[    0.003241] kernel: ACPI: APIC 0x000000006848C000 001088 (v06 AMD    A M I    03242016 AMI  00010013)
[    0.003243] kernel: ACPI: SSDT 0x000000006848B000 000500 (v02 AMD    MEMTOOL0 00000002 INTL 20220331)
[    0.003244] kernel: ACPI: SSDT 0x000000006848A000 000BD9 (v02 AMD    CPMMSOSC 00000001 INTL 20220331)
[    0.003245] kernel: ACPI: SSDT 0x0000000068489000 000B72 (v02 AMD    CPMACPV6 00000001 INTL 20220331)
[    0.003247] kernel: ACPI: SSDT 0x0000000068488000 00044E (v02 AMD    AmdTable 00000001 INTL 20220331)
[    0.003248] kernel: ACPI: ERST 0x0000000068487000 000230 (v01 AMIER  AMI.ERST 00000000 AMI. 00000000)
[    0.003249] kernel: ACPI: HEST 0x0000000068456000 030A14 (v01 AMD    AMD HEST 00000001 AMD  00000001)
[    0.003251] kernel: ACPI: Reserving FACP table memory at [mem 0x6860e000-0x6860e113]
[    0.003251] kernel: ACPI: Reserving DSDT table memory at [mem 0x685f9000-0x6860d7d1]
[    0.003252] kernel: ACPI: Reserving FACS table memory at [mem 0x6a5f4000-0x6a5f403f]
[    0.003252] kernel: ACPI: Reserving SSDT table memory at [mem 0x68611000-0x686117cf]
[    0.003253] kernel: ACPI: Reserving SSDT table memory at [mem 0x68610000-0x686109cb]
[    0.003253] kernel: ACPI: Reserving SSDT table memory at [mem 0x6860f000-0x6860f066]
[    0.003253] kernel: ACPI: Reserving FIDT table memory at [mem 0x685f8000-0x685f809b]
[    0.003254] kernel: ACPI: Reserving MCFG table memory at [mem 0x685f6000-0x685f603b]
[    0.003254] kernel: ACPI: Reserving SSDT table memory at [mem 0x685f5000-0x685f55c4]
[    0.003255] kernel: ACPI: Reserving HPET table memory at [mem 0x685f4000-0x685f4037]
[    0.003255] kernel: ACPI: Reserving SSDT table memory at [mem 0x685f2000-0x685f3b52]
[    0.003255] kernel: ACPI: Reserving BERT table memory at [mem 0x685f1000-0x685f102f]
[    0.003256] kernel: ACPI: Reserving FPDT table memory at [mem 0x685ee000-0x685ee043]
[    0.003256] kernel: ACPI: Reserving SSDT table memory at [mem 0x685eb000-0x685ed447]
[    0.003257] kernel: ACPI: Reserving SSDT table memory at [mem 0x685e8000-0x685ea447]
[    0.003257] kernel: ACPI: Reserving SSDT table memory at [mem 0x685e5000-0x685e7447]
[    0.003257] kernel: ACPI: Reserving SSDT table memory at [mem 0x685e2000-0x685e4447]
[    0.003258] kernel: ACPI: Reserving WPBT table memory at [mem 0x684ac000-0x684ac03f]
[    0.003258] kernel: ACPI: Reserving TPM2 table memory at [mem 0x684ab000-0x684ab04b]
[    0.003258] kernel: ACPI: Reserving SSDT table memory at [mem 0x6849f000-0x684aa96d]
[    0.003259] kernel: ACPI: Reserving HMAT table memory at [mem 0x6849e000-0x6849e0a3]
[    0.003259] kernel: ACPI: Reserving IVRS table memory at [mem 0x6849d000-0x6849d1e7]
[    0.003260] kernel: ACPI: Reserving SSDT table memory at [mem 0x6849c000-0x6849c6d3]
[    0.003260] kernel: ACPI: Reserving SSDT table memory at [mem 0x68492000-0x6849b82e]
[    0.003260] kernel: ACPI: Reserving SSDT table memory at [mem 0x6848f000-0x6849155a]
[    0.003261] kernel: ACPI: Reserving WSMT table memory at [mem 0x6848e000-0x6848e027]
[    0.003261] kernel: ACPI: Reserving APIC table memory at [mem 0x6848c000-0x6848d087]
[    0.003262] kernel: ACPI: Reserving SSDT table memory at [mem 0x6848b000-0x6848b4ff]
[    0.003262] kernel: ACPI: Reserving SSDT table memory at [mem 0x6848a000-0x6848abd8]
[    0.003262] kernel: ACPI: Reserving SSDT table memory at [mem 0x68489000-0x68489b71]
[    0.003263] kernel: ACPI: Reserving SSDT table memory at [mem 0x68488000-0x6848844d]
[    0.003263] kernel: ACPI: Reserving ERST table memory at [mem 0x68487000-0x6848722f]
[    0.003264] kernel: ACPI: Reserving HEST table memory at [mem 0x68456000-0x68486a13]
[    0.003318] kernel: APIC: Switched APIC routing to: cluster x2apic
[    0.003379] kernel: No NUMA configuration found
[    0.003379] kernel: Faking a node at [mem 0x0000000000000000-0x000000207dbbffff]
[    0.003383] kernel: NODE_DATA(0) allocated [mem 0x207db95000-0x207dbbffff]
[    0.003552] kernel: Zone ranges:
[    0.003552] kernel:   DMA      [mem 0x0000000000001000-0x0000000000ffffff]
[    0.003553] kernel:   DMA32    [mem 0x0000000001000000-0x00000000ffffffff]
[    0.003554] kernel:   Normal   [mem 0x0000000100000000-0x000000207dbbffff]
[    0.003555] kernel:   Device   empty
[    0.003556] kernel: Movable zone start for each node
[    0.003556] kernel: Early memory node ranges
[    0.003557] kernel:   node   0: [mem 0x0000000000001000-0x000000000009ffff]
[    0.003558] kernel:   node   0: [mem 0x0000000000100000-0x0000000003ffffff]
[    0.003558] kernel:   node   0: [mem 0x0000000004046000-0x0000000009afefff]
[    0.003559] kernel:   node   0: [mem 0x000000000a000000-0x000000000affffff]
[    0.003559] kernel:   node   0: [mem 0x000000000b021000-0x00000000623e7fff]
[    0.003560] kernel:   node   0: [mem 0x000000006e7ff000-0x000000006fff2fff]
[    0.003560] kernel:   node   0: [mem 0x000000006fff6000-0x000000006fffdfff]
[    0.003560] kernel:   node   0: [mem 0x0000000100000000-0x000000207dbbffff]
[    0.003566] kernel: Initmem setup node 0 [mem 0x0000000000001000-0x000000207dbbffff]
[    0.003569] kernel: On node 0, zone DMA: 1 pages in unavailable ranges
[    0.003579] kernel: On node 0, zone DMA: 96 pages in unavailable ranges
[    0.003650] kernel: On node 0, zone DMA32: 70 pages in unavailable ranges
[    0.003664] kernel: On node 0, zone DMA32: 1281 pages in unavailable ranges
[    0.004288] kernel: On node 0, zone DMA32: 33 pages in unavailable ranges
[    0.004501] kernel: On node 0, zone DMA32: 50199 pages in unavailable ranges
[    0.004502] kernel: On node 0, zone DMA32: 3 pages in unavailable ranges
[    0.084344] kernel: On node 0, zone Normal: 2 pages in unavailable ranges
[    0.084386] kernel: On node 0, zone Normal: 9280 pages in unavailable ranges
[    0.084603] kernel: ACPI: PM-Timer IO Port: 0x808
[    0.084616] kernel: ACPI: X2APIC_NMI (uid[0xffffffff] high level lint[0x1])
[    0.084627] kernel: IOAPIC[0]: apic_id 128, version 33, address 0xfec00000, GSI 0-23
[    0.084630] kernel: IOAPIC[1]: apic_id 129, version 33, address 0xc7180000, GSI 120-151
[    0.084633] kernel: IOAPIC[2]: apic_id 130, version 33, address 0xaf180000, GSI 88-119
[    0.084636] kernel: IOAPIC[3]: apic_id 131, version 33, address 0xdf180000, GSI 24-55
[    0.084639] kernel: IOAPIC[4]: apic_id 132, version 33, address 0x97180000, GSI 56-87
[    0.084640] kernel: ACPI: INT_SRC_OVR (bus 0 bus_irq 0 global_irq 2 dfl dfl)
[    0.084641] kernel: ACPI: INT_SRC_OVR (bus 0 bus_irq 9 global_irq 9 low level)
[    0.084645] kernel: ACPI: Using ACPI (MADT) for SMP configuration information
[    0.084645] kernel: ACPI: HPET id: 0x10228201 base: 0xfed00000
[    0.084648] kernel: smpboot: Allowing 48 CPUs, 0 hotplug CPUs
[    0.084664] kernel: PM: hibernation: Registered nosave memory: [mem 0x00000000-0x00000fff]
[    0.084665] kernel: PM: hibernation: Registered nosave memory: [mem 0x000a0000-0x000fffff]
[    0.084666] kernel: PM: hibernation: Registered nosave memory: [mem 0x04000000-0x04045fff]
[    0.084667] kernel: PM: hibernation: Registered nosave memory: [mem 0x09aff000-0x09ffffff]
[    0.084667] kernel: PM: hibernation: Registered nosave memory: [mem 0x0b000000-0x0b020fff]
[    0.084668] kernel: PM: hibernation: Registered nosave memory: [mem 0x4275a000-0x4275afff]
[    0.084669] kernel: PM: hibernation: Registered nosave memory: [mem 0x4277e000-0x4277efff]
[    0.084669] kernel: PM: hibernation: Registered nosave memory: [mem 0x4277f000-0x4277ffff]
[    0.084670] kernel: PM: hibernation: Registered nosave memory: [mem 0x42791000-0x42791fff]
[    0.084671] kernel: PM: hibernation: Registered nosave memory: [mem 0x42792000-0x42792fff]
[    0.084671] kernel: PM: hibernation: Registered nosave memory: [mem 0x427b6000-0x427b6fff]
[    0.084672] kernel: PM: hibernation: Registered nosave memory: [mem 0x5c535000-0x5c535fff]
[    0.084673] kernel: PM: hibernation: Registered nosave memory: [mem 0x623e8000-0x683e7fff]
[    0.084674] kernel: PM: hibernation: Registered nosave memory: [mem 0x683e8000-0x68613fff]
[    0.084674] kernel: PM: hibernation: Registered nosave memory: [mem 0x68614000-0x6a613fff]
[    0.084674] kernel: PM: hibernation: Registered nosave memory: [mem 0x6a614000-0x6e7fefff]
[    0.084675] kernel: PM: hibernation: Registered nosave memory: [mem 0x6fff3000-0x6fff5fff]
[    0.084676] kernel: PM: hibernation: Registered nosave memory: [mem 0x6fffe000-0x7fffffff]
[    0.084676] kernel: PM: hibernation: Registered nosave memory: [mem 0x80000000-0xfebfffff]
[    0.084677] kernel: PM: hibernation: Registered nosave memory: [mem 0xfec00000-0xfec00fff]
[    0.084677] kernel: PM: hibernation: Registered nosave memory: [mem 0xfec01000-0xfec0ffff]
[    0.084677] kernel: PM: hibernation: Registered nosave memory: [mem 0xfec10000-0xfec10fff]
[    0.084678] kernel: PM: hibernation: Registered nosave memory: [mem 0xfec11000-0xfec2ffff]
[    0.084678] kernel: PM: hibernation: Registered nosave memory: [mem 0xfec30000-0xfec30fff]
[    0.084678] kernel: PM: hibernation: Registered nosave memory: [mem 0xfec31000-0xfecfffff]
[    0.084679] kernel: PM: hibernation: Registered nosave memory: [mem 0xfed00000-0xfed00fff]
[    0.084679] kernel: PM: hibernation: Registered nosave memory: [mem 0xfed01000-0xfed3ffff]
[    0.084679] kernel: PM: hibernation: Registered nosave memory: [mem 0xfed40000-0xfed44fff]
[    0.084680] kernel: PM: hibernation: Registered nosave memory: [mem 0xfed45000-0xfed7ffff]
[    0.084680] kernel: PM: hibernation: Registered nosave memory: [mem 0xfed80000-0xfed8ffff]
[    0.084680] kernel: PM: hibernation: Registered nosave memory: [mem 0xfed90000-0xfedc1fff]
[    0.084681] kernel: PM: hibernation: Registered nosave memory: [mem 0xfedc2000-0xfedcffff]
[    0.084681] kernel: PM: hibernation: Registered nosave memory: [mem 0xfedd0000-0xfedd3fff]
[    0.084681] kernel: PM: hibernation: Registered nosave memory: [mem 0xfedd4000-0xfedd5fff]
[    0.084682] kernel: PM: hibernation: Registered nosave memory: [mem 0xfedd6000-0xffffffff]
[    0.084683] kernel: [mem 0x80000000-0xfebfffff] available for PCI devices
[    0.084684] kernel: Booting paravirtualized kernel on bare hardware
[    0.084686] kernel: clocksource: refined-jiffies: mask: 0xffffffff max_cycles: 0xffffffff, max_idle_ns: 1910969940391419 ns
[    0.084691] kernel: setup_percpu: NR_CPUS:8192 nr_cpumask_bits:48 nr_cpu_ids:48 nr_node_ids:1
[    0.085915] kernel: percpu: Embedded 86 pages/cpu s229376 r8192 d114688 u524288
[    0.085920] kernel: pcpu-alloc: s229376 r8192 d114688 u524288 alloc=1*2097152
[    0.085921] kernel: pcpu-alloc: [0] 00 01 02 03 [0] 04 05 06 07 
[    0.085924] kernel: pcpu-alloc: [0] 08 09 10 11 [0] 12 13 14 15 
[    0.085927] kernel: pcpu-alloc: [0] 16 17 18 19 [0] 20 21 22 23 
[    0.085929] kernel: pcpu-alloc: [0] 24 25 26 27 [0] 28 29 30 31 
[    0.085931] kernel: pcpu-alloc: [0] 32 33 34 35 [0] 36 37 38 39 
[    0.085933] kernel: pcpu-alloc: [0] 40 41 42 43 [0] 44 45 46 47 
[    0.085949] kernel: Kernel command line: BOOT_IMAGE=/boot/vmlinuz-6.8.0-49-generic root=UUID=4145ed75-0785-4f60-81db-90b9fa1571f6 ro iommu=soft quiet splash vt.handoff=7
[    0.086001] kernel: Unknown kernel command line parameters "splash BOOT_IMAGE=/boot/vmlinuz-6.8.0-49-generic", will be passed to user space.
[    0.086011] kernel: printk: log_buf_len individual max cpu contribution: 4096 bytes
[    0.086012] kernel: printk: log_buf_len total cpu_extra contributions: 192512 bytes
[    0.086012] kernel: printk: log_buf_len min size: 262144 bytes
[    0.086168] kernel: printk: log_buf_len: 524288 bytes
[    0.086169] kernel: printk: early log buf free: 240792(91%)
[    0.088275] kernel: Dentry cache hash table entries: 8388608 (order: 14, 67108864 bytes, linear)
[    0.089341] kernel: Inode-cache hash table entries: 4194304 (order: 13, 33554432 bytes, linear)
[    0.089544] kernel: Fallback order for Node 0: 0 
[    0.089551] kernel: Built 1 zonelists, mobility grouping on.  Total pages: 32905459
[    0.089552] kernel: Policy zone: Normal
[    0.089558] kernel: mem auto-init: stack:all(zero), heap alloc:on, heap free:off
[    0.089585] kernel: software IO TLB: area num 64.
[    0.208337] kernel: Memory: 131204232K/133711724K available (22528K kernel code, 4438K rwdata, 13900K rodata, 4972K init, 4740K bss, 2507288K reserved, 0K cma-reserved)
[    0.208893] kernel: SLUB: HWalign=64, Order=0-3, MinObjects=0, CPUs=48, Nodes=1
[    0.208914] kernel: ftrace: allocating 57907 entries in 227 pages
[    0.217288] kernel: ftrace: allocated 227 pages with 5 groups
[    0.217912] kernel: Dynamic Preempt: voluntary
[    0.217994] kernel: rcu: Preemptible hierarchical RCU implementation.
[    0.217995] kernel: rcu:         RCU restricting CPUs from NR_CPUS=8192 to nr_cpu_ids=48.
[    0.217996] kernel:         Trampoline variant of Tasks RCU enabled.
[    0.217996] kernel:         Rude variant of Tasks RCU enabled.
[    0.217996] kernel:         Tracing variant of Tasks RCU enabled.
[    0.217997] kernel: rcu: RCU calculated value of scheduler-enlistment delay is 100 jiffies.
[    0.217997] kernel: rcu: Adjusting geometry for rcu_fanout_leaf=16, nr_cpu_ids=48
[    0.219473] kernel: NR_IRQS: 524544, nr_irqs: 2984, preallocated irqs: 16
[    0.219647] kernel: rcu: srcu_init: Setting srcu_struct sizes based on contention.
[    0.219717] kernel: Console: colour dummy device 80x25
[    0.219718] kernel: printk: legacy console [tty0] enabled
[    0.219752] kernel: ACPI: Core revision 20230628
[    0.219930] kernel: clocksource: hpet: mask: 0xffffffff max_cycles: 0xffffffff, max_idle_ns: 133484873504 ns
[    0.219942] kernel: APIC: Switch to symmetric I/O mode setup
[    0.220534] kernel: AMD-Vi: Using global IVHD EFR:0x25bf732fa2295afe, EFR2:0x1d
[    0.221646] kernel: ..TIMER: vector=0x30 apic1=0 pin1=2 apic2=-1 pin2=-1
[    0.225942] kernel: clocksource: tsc-early: mask: 0xffffffffffffffff max_cycles: 0x3c72ff1dfe8, max_idle_ns: 440795248969 ns
[    0.225945] kernel: Calibrating delay loop (skipped), value calculated using timer frequency.. 8387.32 BogoMIPS (lpj=4193663)
[    0.225956] kernel: x86/cpu: User Mode Instruction Prevention (UMIP) activated
[    0.226076] kernel: LVT offset 2 assigned for vector 0xf4
[    0.226111] kernel: process: using mwait in idle threads
[    0.226112] kernel: Last level iTLB entries: 4KB 512, 2MB 512, 4MB 256
[    0.226113] kernel: Last level dTLB entries: 4KB 3072, 2MB 3072, 4MB 1536, 1GB 0
[    0.226114] kernel: Spectre V1 : Mitigation: usercopy/swapgs barriers and __user pointer sanitization
[    0.226116] kernel: Spectre V2 : Mitigation: Enhanced / Automatic IBRS
[    0.226117] kernel: Spectre V2 : Spectre v2 / SpectreRSB mitigation: Filling RSB on context switch
[    0.226118] kernel: Spectre V2 : mitigation: Enabling conditional Indirect Branch Prediction Barrier
[    0.226119] kernel: Spectre V2 : User space: Mitigation: STIBP always-on protection
[    0.226120] kernel: Speculative Store Bypass: Mitigation: Speculative Store Bypass disabled via prctl
[    0.226121] kernel: Speculative Return Stack Overflow: Mitigation: Safe RET
[    0.226124] kernel: x86/fpu: Supporting XSAVE feature 0x001: 'x87 floating point registers'
[    0.226125] kernel: x86/fpu: Supporting XSAVE feature 0x002: 'SSE registers'
[    0.226126] kernel: x86/fpu: Supporting XSAVE feature 0x004: 'AVX registers'
[    0.226126] kernel: x86/fpu: Supporting XSAVE feature 0x020: 'AVX-512 opmask'
[    0.226127] kernel: x86/fpu: Supporting XSAVE feature 0x040: 'AVX-512 Hi256'
[    0.226127] kernel: x86/fpu: Supporting XSAVE feature 0x080: 'AVX-512 ZMM_Hi256'
[    0.226128] kernel: x86/fpu: Supporting XSAVE feature 0x200: 'Protection Keys User registers'
[    0.226128] kernel: x86/fpu: Supporting XSAVE feature 0x800: 'Control-flow User registers'
[    0.226129] kernel: x86/fpu: xstate_offset[2]:  576, xstate_sizes[2]:  256
[    0.226130] kernel: x86/fpu: xstate_offset[5]:  832, xstate_sizes[5]:   64
[    0.226131] kernel: x86/fpu: xstate_offset[6]:  896, xstate_sizes[6]:  512
[    0.226131] kernel: x86/fpu: xstate_offset[7]: 1408, xstate_sizes[7]: 1024
[    0.226132] kernel: x86/fpu: xstate_offset[9]: 2432, xstate_sizes[9]:    8
[    0.226132] kernel: x86/fpu: xstate_offset[11]: 2440, xstate_sizes[11]:   16
[    0.226133] kernel: x86/fpu: Enabled xstate features 0xae7, context size is 2456 bytes, using 'compacted' format.
[    0.247080] kernel: Freeing SMP alternatives memory: 48K
[    0.247083] kernel: pid_max: default: 49152 minimum: 384
[    0.249988] kernel: LSM: initializing lsm=lockdown,capability,landlock,yama,apparmor,integrity
[    0.250005] kernel: landlock: Up and running.
[    0.250006] kernel: Yama: becoming mindful.
[    0.250027] kernel: AppArmor: AppArmor initialized
[    0.250095] kernel: Mount-cache hash table entries: 131072 (order: 8, 1048576 bytes, linear)
[    0.250134] kernel: Mountpoint-cache hash table entries: 131072 (order: 8, 1048576 bytes, linear)
[    0.353763] kernel: smpboot: CPU0: AMD Ryzen Threadripper 7960X 24-Cores (family: 0x19, model: 0x18, stepping: 0x1)
[    0.353892] kernel: RCU Tasks: Setting shift to 6 and lim to 1 rcu_task_cb_adjust=1.
[    0.353904] kernel: RCU Tasks Rude: Setting shift to 6 and lim to 1 rcu_task_cb_adjust=1.
[    0.353916] kernel: RCU Tasks Trace: Setting shift to 6 and lim to 1 rcu_task_cb_adjust=1.
[    0.353928] kernel: Performance Events: Fam17h+ 16-deep LBR, core perfctr, AMD PMU driver.
[    0.353944] kernel: ... version:                2
[    0.353944] kernel: ... bit width:              48
[    0.353944] kernel: ... generic registers:      6
[    0.353944] kernel: ... value mask:             0000ffffffffffff
[    0.353944] kernel: ... max period:             00007fffffffffff
[    0.353944] kernel: ... fixed-purpose events:   0
[    0.353944] kernel: ... event mask:             000000000000003f
[    0.353944] kernel: signal: max sigframe size: 3376
[    0.353944] kernel: rcu: Hierarchical SRCU implementation.
[    0.353944] kernel: rcu:         Max phase no-delay instances is 400.
[    0.355495] kernel: NMI watchdog: Enabled. Permanently consumes one hw-PMU counter.
[    0.355768] kernel: smp: Bringing up secondary CPUs ...
[    0.355845] kernel: smpboot: x86: Booting SMP configuration:
[    0.355846] kernel: .... node  #0, CPUs:        #1  #2  #3  #4  #5  #6  #7  #8  #9 #10 #11 #12 #13 #14 #15 #16 #17 #18 #19 #20 #21 #22 #23 #24 #25 #26 #27 #28 #29 #30 #31 #32 #33 #34 #35 #36 #37 #38 #39 #40 #41 #42 #43 #44 #45 #46 #47
[    0.390064] kernel: Spectre V2 : Update user space SMT mitigation: STIBP always-on
[    0.414991] kernel: smp: Brought up 1 node, 48 CPUs
[    0.414991] kernel: smpboot: Max logical packages: 1
[    0.414991] kernel: smpboot: Total of 48 processors activated (402591.64 BogoMIPS)
[    0.418573] kernel: devtmpfs: initialized
[    0.418573] kernel: x86/mm: Memory block size: 2048MB
[    0.420861] kernel: ACPI: PM: Registering ACPI NVS region [mem 0x04000000-0x04045fff] (286720 bytes)
[    0.420861] kernel: ACPI: PM: Registering ACPI NVS region [mem 0x68614000-0x6a613fff] (33554432 bytes)
[    0.421267] kernel: clocksource: jiffies: mask: 0xffffffff max_cycles: 0xffffffff, max_idle_ns: 1911260446275000 ns
[    0.421299] kernel: futex hash table entries: 16384 (order: 8, 1048576 bytes, linear)
[    0.421387] kernel: pinctrl core: initialized pinctrl subsystem
[    0.421460] kernel: PM: RTC time: 14:16:33, date: 2024-11-21
[    0.421774] kernel: NET: Registered PF_NETLINK/PF_ROUTE protocol family
[    0.422047] kernel: DMA: preallocated 4096 KiB GFP_KERNEL pool for atomic allocations
[    0.422163] kernel: DMA: preallocated 4096 KiB GFP_KERNEL|GFP_DMA pool for atomic allocations
[    0.422270] kernel: DMA: preallocated 4096 KiB GFP_KERNEL|GFP_DMA32 pool for atomic allocations
[    0.422278] kernel: audit: initializing netlink subsys (disabled)
[    0.422285] kernel: audit: type=2000 audit(1732198593.201:1): state=initialized audit_enabled=0 res=1
[    0.422285] kernel: thermal_sys: Registered thermal governor 'fair_share'
[    0.422285] kernel: thermal_sys: Registered thermal governor 'bang_bang'
[    0.422285] kernel: thermal_sys: Registered thermal governor 'step_wise'
[    0.422285] kernel: thermal_sys: Registered thermal governor 'user_space'
[    0.422285] kernel: thermal_sys: Registered thermal governor 'power_allocator'
[    0.422285] kernel: EISA bus registered
[    0.422285] kernel: cpuidle: using governor ladder
[    0.422285] kernel: cpuidle: using governor menu
[    0.422285] kernel: acpiphp: ACPI Hot Plug PCI Controller Driver version: 0.5
[    0.422285] kernel: PCI: ECAM [mem 0xe0000000-0xefffffff] (base 0xe0000000) for domain 0000 [bus 00-ff]
[    0.422950] kernel: PCI: Using configuration type 1 for base access
[    0.423087] kernel: kprobes: kprobe jump-optimization is enabled. All kprobes are optimized if possible.
[    0.423090] kernel: HugeTLB: registered 1.00 GiB page size, pre-allocated 0 pages
[    0.423090] kernel: HugeTLB: 16380 KiB vmemmap can be freed for a 1.00 GiB page
[    0.423090] kernel: HugeTLB: registered 2.00 MiB page size, pre-allocated 0 pages
[    0.423090] kernel: HugeTLB: 28 KiB vmemmap can be freed for a 2.00 MiB page
[    0.423090] kernel: ACPI: Added _OSI(Module Device)
[    0.423090] kernel: ACPI: Added _OSI(Processor Device)
[    0.423090] kernel: ACPI: Added _OSI(3.0 _SCP Extensions)
[    0.423090] kernel: ACPI: Added _OSI(Processor Aggregator Device)
[    0.438691] kernel: ACPI BIOS Error (bug): Failure creating named object [\SMIP], AE_ALREADY_EXISTS (20230628/dsfield-637)
[    0.438697] kernel: ACPI Warning: NsLookup: Type mismatch on SMIP (Integer), searching for (RegionField) (20230628/nsaccess-696)
[    0.456704] kernel: ACPI: 18 ACPI AML tables successfully acquired and loaded
[    0.462265] kernel: ACPI: _OSC evaluation for CPUs failed, trying _PDC
[    0.463192] kernel: ACPI: EC: EC started
[    0.463193] kernel: ACPI: EC: interrupt blocked
[    0.464748] kernel: ACPI: EC: EC_CMD/EC_SC=0x66, EC_DATA=0x62
[    0.464750] kernel: ACPI: \_SB_.PCI0.SBRG.EC0_: Boot DSDT EC used to handle transactions
[    0.464751] kernel: ACPI: Interpreter enabled
[    0.464765] kernel: ACPI: PM: (supports S0 S3 S4 S5)
[    0.464766] kernel: ACPI: Using IOAPIC for interrupt routing
[    0.506426] kernel: HEST: Table parsing has been initialized.
[    0.521555] kernel: GHES: APEI firmware first mode is enabled by APEI bit.
[    0.521559] kernel: PCI: Using host bridge windows from ACPI; if necessary, use "pci=nocrs" and report a bug
[    0.521560] kernel: PCI: Ignoring E820 reservations for host bridge windows
[    0.522550] kernel: ACPI: Enabled 5 GPEs in block 00 to 1F
[    0.558308] kernel: ACPI: \_SB_.PRWL: New power resource
[    0.558340] kernel: ACPI: \_SB_.PRWB: New power resource
[    0.559356] kernel: ACPI: PCI Root Bridge [PCI3] (domain 0000 [bus c0-ff])
[    0.559362] kernel: acpi PNP0A08:00: _OSC: OS supports [ExtendedConfig ASPM ClockPM Segments MSI EDR HPX-Type3]
[    0.559512] kernel: acpi PNP0A08:00: _OSC: platform does not support [LTR DPC]
[    0.559783] kernel: acpi PNP0A08:00: _OSC: OS now controls [PCIeHotplug SHPCHotplug PME AER PCIeCapability]
[    0.560222] kernel: PCI host bridge to bus 0000:c0
[    0.560223] kernel: pci_bus 0000:c0: root bus resource [io  0xa000-0xffff window]
[    0.560225] kernel: pci_bus 0000:c0: root bus resource [mem 0xb0000000-0xb3ffffff window]
[    0.560227] kernel: pci_bus 0000:c0: root bus resource [mem 0x10020400000-0x159b33fffff window]
[    0.560228] kernel: pci_bus 0000:c0: root bus resource [bus c0-ff]
[    0.560242] kernel: pci 0000:c0:00.0: [1022:14a4] type 00 class 0x060000 conventional PCI endpoint
[    0.560312] kernel: pci 0000:c0:00.2: [1022:149e] type 00 class 0x080600 conventional PCI endpoint
[    0.560402] kernel: pci 0000:c0:00.3: [1022:14a6] type 00 class 0x080700 PCIe Root Complex Event Collector
[    0.560437] kernel: pci 0000:c0:00.3: enabling Extended Tags
[    0.560593] kernel: pci 0000:c0:01.0: [1022:149f] type 00 class 0x060000 conventional PCI endpoint
[    0.560647] kernel: pci 0000:c0:02.0: [1022:149f] type 00 class 0x060000 conventional PCI endpoint
[    0.560697] kernel: pci 0000:c0:03.0: [1022:149f] type 00 class 0x060000 conventional PCI endpoint
[    0.560750] kernel: pci 0000:c0:04.0: [1022:149f] type 00 class 0x060000 conventional PCI endpoint
[    0.560799] kernel: pci 0000:c0:05.0: [1022:149f] type 00 class 0x060000 conventional PCI endpoint
[    0.560850] kernel: pci 0000:c0:07.0: [1022:149f] type 00 class 0x060000 conventional PCI endpoint
[    0.560900] kernel: pci 0000:c0:07.1: [1022:14a7] type 01 class 0x060400 PCIe Root Port
[    0.560913] kernel: pci 0000:c0:07.1: PCI bridge to [bus c1]
[    0.560917] kernel: pci 0000:c0:07.1:   bridge window [mem 0xb3f00000-0xb3ffffff]
[    0.560926] kernel: pci 0000:c0:07.1: enabling Extended Tags
[    0.560976] kernel: pci 0000:c0:07.1: PME# supported from D0 D3hot D3cold
[    0.561167] kernel: pci 0000:c1:00.0: [1022:14ac] type 00 class 0x130000 PCIe Endpoint
[    0.561189] kernel: pci 0000:c1:00.0: enabling Extended Tags
[    0.561300] kernel: pci 0000:c1:00.4: [1022:14c9] type 00 class 0x0c0330 PCIe Endpoint
[    0.561309] kernel: pci 0000:c1:00.4: BAR 0 [mem 0xb3f00000-0xb3ffffff 64bit]
[    0.561328] kernel: pci 0000:c1:00.4: enabling Extended Tags
[    0.561354] kernel: pci 0000:c1:00.4: PME# supported from D0 D3hot D3cold
[    0.561426] kernel: pci 0000:c0:07.1: PCI bridge to [bus c1]
[    0.562085] kernel: ACPI: PCI Root Bridge [PCI2] (domain 0000 [bus 80-bf])
[    0.562089] kernel: acpi PNP0A08:01: _OSC: OS supports [ExtendedConfig ASPM ClockPM Segments MSI EDR HPX-Type3]
[    0.562236] kernel: acpi PNP0A08:01: _OSC: platform does not support [LTR DPC]
[    0.562507] kernel: acpi PNP0A08:01: _OSC: OS now controls [PCIeHotplug SHPCHotplug PME AER PCIeCapability]
[    0.562912] kernel: PCI host bridge to bus 0000:80
[    0.562914] kernel: pci_bus 0000:80: root bus resource [io  0x7000-0x9fff window]
[    0.562916] kernel: pci_bus 0000:80: root bus resource [mem 0x98000000-0x9bffffff window]
[    0.562918] kernel: pci_bus 0000:80: root bus resource [mem 0x2c020400000-0x319b33fffff window]
[    0.562919] kernel: pci_bus 0000:80: root bus resource [bus 80-bf]
[    0.562929] kernel: pci 0000:80:00.0: [1022:14a4] type 00 class 0x060000 conventional PCI endpoint
[    0.562989] kernel: pci 0000:80:00.2: [1022:149e] type 00 class 0x080600 conventional PCI endpoint
[    0.563072] kernel: pci 0000:80:00.3: [1022:14a6] type 00 class 0x080700 PCIe Root Complex Event Collector
[    0.563103] kernel: pci 0000:80:00.3: enabling Extended Tags
[    0.563240] kernel: pci 0000:80:01.0: [1022:149f] type 00 class 0x060000 conventional PCI endpoint
[    0.563293] kernel: pci 0000:80:01.1: [1022:14ab] type 01 class 0x060400 PCIe Root Port
[    0.563308] kernel: pci 0000:80:01.1: PCI bridge to [bus 81]
[    0.563313] kernel: pci 0000:80:01.1:   bridge window [mem 0x9b200000-0x9b2fffff]
[    0.563376] kernel: pci 0000:80:01.1: PME# supported from D0 D3hot D3cold
[    0.563517] kernel: pci 0000:80:02.0: [1022:149f] type 00 class 0x060000 conventional PCI endpoint
[    0.563566] kernel: pci 0000:80:03.0: [1022:149f] type 00 class 0x060000 conventional PCI endpoint
[    0.563617] kernel: pci 0000:80:03.1: [1022:14a5] type 01 class 0x060400 PCIe Root Port
[    0.563631] kernel: pci 0000:80:03.1: PCI bridge to [bus 82]
[    0.563634] kernel: pci 0000:80:03.1:   bridge window [io  0x9000-0x9fff]
[    0.563637] kernel: pci 0000:80:03.1:   bridge window [mem 0x9a000000-0x9b0fffff]
[    0.563642] kernel: pci 0000:80:03.1:   bridge window [mem 0x319a0000000-0x319b1ffffff 64bit pref]
[    0.563692] kernel: pci 0000:80:03.1: PME# supported from D0 D3hot D3cold
[    0.563815] kernel: pci 0000:80:04.0: [1022:149f] type 00 class 0x060000 conventional PCI endpoint
[    0.563863] kernel: pci 0000:80:05.0: [1022:149f] type 00 class 0x060000 conventional PCI endpoint
[    0.563911] kernel: pci 0000:80:07.0: [1022:149f] type 00 class 0x060000 conventional PCI endpoint
[    0.563964] kernel: pci 0000:80:07.1: [1022:14a7] type 01 class 0x060400 PCIe Root Port
[    0.563976] kernel: pci 0000:80:07.1: PCI bridge to [bus 83]
[    0.563987] kernel: pci 0000:80:07.1: enabling Extended Tags
[    0.564024] kernel: pci 0000:80:07.1: PME# supported from D0 D3hot D3cold
[    0.564191] kernel: pci 0000:81:00.0: [c0a9:5415] type 00 class 0x010802 PCIe Endpoint
[    0.564223] kernel: pci 0000:81:00.0: BAR 0 [mem 0x9b200000-0x9b203fff 64bit]
[    0.564724] kernel: pci 0000:80:01.1: PCI bridge to [bus 81]
[    0.564786] kernel: pci 0000:82:00.0: [10de:2684] type 00 class 0x030000 PCIe Legacy Endpoint
[    0.564795] kernel: pci 0000:82:00.0: BAR 0 [mem 0x9a000000-0x9affffff]
[    0.564803] kernel: pci 0000:82:00.0: BAR 1 [mem 0x319a0000000-0x319afffffff 64bit pref]
[    0.564810] kernel: pci 0000:82:00.0: BAR 3 [mem 0x319b0000000-0x319b1ffffff 64bit pref]
[    0.564816] kernel: pci 0000:82:00.0: BAR 5 [io  0x9000-0x907f]
[    0.564821] kernel: pci 0000:82:00.0: ROM [mem 0x9b000000-0x9b07ffff pref]
[    0.564866] kernel: pci 0000:82:00.0: PME# supported from D0 D3hot
[    0.564998] kernel: pci 0000:82:00.1: [10de:22ba] type 00 class 0x040300 PCIe Endpoint
[    0.565006] kernel: pci 0000:82:00.1: BAR 0 [mem 0x9b080000-0x9b083fff]
[    0.565122] kernel: pci 0000:80:03.1: PCI bridge to [bus 82]
[    0.565195] kernel: pci 0000:83:00.0: [1022:14ac] type 00 class 0x130000 PCIe Endpoint
[    0.565216] kernel: pci 0000:83:00.0: enabling Extended Tags
[    0.565322] kernel: pci 0000:80:07.1: PCI bridge to [bus 83]
[    0.565687] kernel: ACPI: PCI Root Bridge [PCI0] (domain 0000 [bus 00-3f])
[    0.565690] kernel: acpi PNP0A08:02: _OSC: OS supports [ExtendedConfig ASPM ClockPM Segments MSI EDR HPX-Type3]
[    0.565836] kernel: acpi PNP0A08:02: _OSC: platform does not support [LTR DPC]
[    0.566119] kernel: acpi PNP0A08:02: _OSC: OS now controls [PCIeHotplug SHPCHotplug PME AER PCIeCapability]
[    0.566687] kernel: PCI host bridge to bus 0000:00
[    0.566688] kernel: pci_bus 0000:00: root bus resource [io  0x0000-0x03af window]
[    0.566690] kernel: pci_bus 0000:00: root bus resource [io  0x03e0-0x0cf7 window]
[    0.566692] kernel: pci_bus 0000:00: root bus resource [io  0x03b0-0x03df window]
[    0.566693] kernel: pci_bus 0000:00: root bus resource [io  0x1000-0x3fff window]
[    0.566694] kernel: pci_bus 0000:00: root bus resource [mem 0x000a0000-0x000dffff window]
[    0.566696] kernel: pci_bus 0000:00: root bus resource [mem 0xc8000000-0xcbffffff window]
[    0.566697] kernel: pci_bus 0000:00: root bus resource [mem 0x48020400000-0x4d9b33fffff window]
[    0.566699] kernel: pci_bus 0000:00: root bus resource [bus 00-3f]
[    0.566710] kernel: pci 0000:00:00.0: [1022:14a4] type 00 class 0x060000 conventional PCI endpoint
[    0.566770] kernel: pci 0000:00:00.2: [1022:149e] type 00 class 0x080600 conventional PCI endpoint
[    0.566854] kernel: pci 0000:00:00.3: [1022:14a6] type 00 class 0x080700 PCIe Root Complex Event Collector
[    0.566887] kernel: pci 0000:00:00.3: enabling Extended Tags
[    0.567030] kernel: pci 0000:00:01.0: [1022:149f] type 00 class 0x060000 conventional PCI endpoint
[    0.567085] kernel: pci 0000:00:02.0: [1022:149f] type 00 class 0x060000 conventional PCI endpoint
[    0.567138] kernel: pci 0000:00:03.0: [1022:149f] type 00 class 0x060000 conventional PCI endpoint
[    0.567191] kernel: pci 0000:00:04.0: [1022:149f] type 00 class 0x060000 conventional PCI endpoint
[    0.567244] kernel: pci 0000:00:05.0: [1022:149f] type 00 class 0x060000 conventional PCI endpoint
[    0.567308] kernel: pci 0000:00:05.1: [1022:14aa] type 01 class 0x060400 PCIe Root Port
[    0.567344] kernel: pci 0000:00:05.1: PCI bridge to [bus 01]
[    0.567382] kernel: pci 0000:00:05.1: enabling Extended Tags
[    0.567497] kernel: pci 0000:00:05.1: PME# supported from D0 D3hot D3cold
[    0.567755] kernel: pci 0000:00:05.2: [1022:14aa] type 01 class 0x060400 PCIe Root Port
[    0.567791] kernel: pci 0000:00:05.2: PCI bridge to [bus 02]
[    0.567829] kernel: pci 0000:00:05.2: enabling Extended Tags
[    0.567954] kernel: pci 0000:00:05.2: PME# supported from D0 D3hot D3cold
[    0.568211] kernel: pci 0000:00:05.3: [1022:14aa] type 01 class 0x060400 PCIe Root Port
[    0.568247] kernel: pci 0000:00:05.3: PCI bridge to [bus 03]
[    0.568285] kernel: pci 0000:00:05.3: enabling Extended Tags
[    0.568400] kernel: pci 0000:00:05.3: PME# supported from D0 D3hot D3cold
[    0.568657] kernel: pci 0000:00:05.4: [1022:14aa] type 01 class 0x060400 PCIe Root Port
[    0.568693] kernel: pci 0000:00:05.4: PCI bridge to [bus 04]
[    0.568731] kernel: pci 0000:00:05.4: enabling Extended Tags
[    0.568846] kernel: pci 0000:00:05.4: PME# supported from D0 D3hot D3cold
[    0.569095] kernel: pci 0000:00:07.0: [1022:149f] type 00 class 0x060000 conventional PCI endpoint
[    0.569145] kernel: pci 0000:00:07.1: [1022:14a7] type 01 class 0x060400 PCIe Root Port
[    0.569158] kernel: pci 0000:00:07.1: PCI bridge to [bus 05]
[    0.569162] kernel: pci 0000:00:07.1:   bridge window [mem 0xcbd00000-0xcbffffff]
[    0.569171] kernel: pci 0000:00:07.1: enabling Extended Tags
[    0.569210] kernel: pci 0000:00:07.1: PME# supported from D0 D3hot D3cold
[    0.569331] kernel: pci 0000:00:14.0: [1022:790b] type 00 class 0x0c0500 conventional PCI endpoint
[    0.569441] kernel: pci 0000:00:14.3: [1022:790e] type 00 class 0x060100 conventional PCI endpoint
[    0.569568] kernel: pci 0000:00:18.0: [1022:14ad] type 00 class 0x060000 conventional PCI endpoint
[    0.569608] kernel: pci 0000:00:18.1: [1022:14ae] type 00 class 0x060000 conventional PCI endpoint
[    0.569648] kernel: pci 0000:00:18.2: [1022:14af] type 00 class 0x060000 conventional PCI endpoint
[    0.569687] kernel: pci 0000:00:18.3: [1022:14b0] type 00 class 0x060000 conventional PCI endpoint
[    0.569728] kernel: pci 0000:00:18.4: [1022:14b1] type 00 class 0x060000 conventional PCI endpoint
[    0.569768] kernel: pci 0000:00:18.5: [1022:14b2] type 00 class 0x060000 conventional PCI endpoint
[    0.569807] kernel: pci 0000:00:18.6: [1022:14b3] type 00 class 0x060000 conventional PCI endpoint
[    0.569847] kernel: pci 0000:00:18.7: [1022:14b4] type 00 class 0x060000 conventional PCI endpoint
[    0.569965] kernel: pci 0000:00:05.1: PCI bridge to [bus 01]
[    0.570058] kernel: pci 0000:00:05.2: PCI bridge to [bus 02]
[    0.570152] kernel: pci 0000:00:05.3: PCI bridge to [bus 03]
[    0.570245] kernel: pci 0000:00:05.4: PCI bridge to [bus 04]
[    0.570352] kernel: pci 0000:05:00.0: [1022:14ac] type 00 class 0x130000 PCIe Endpoint
[    0.570374] kernel: pci 0000:05:00.0: enabling Extended Tags
[    0.570484] kernel: pci 0000:05:00.4: [1022:14c9] type 00 class 0x0c0330 PCIe Endpoint
[    0.570493] kernel: pci 0000:05:00.4: BAR 0 [mem 0xcbe00000-0xcbefffff 64bit]
[    0.570513] kernel: pci 0000:05:00.4: enabling Extended Tags
[    0.570538] kernel: pci 0000:05:00.4: PME# supported from D0 D3hot D3cold
[    0.570604] kernel: pci 0000:05:00.5: [1022:14ca] type 00 class 0x108000 PCIe Endpoint
[    0.570615] kernel: pci 0000:05:00.5: BAR 2 [mem 0xcbd00000-0xcbdfffff]
[    0.570623] kernel: pci 0000:05:00.5: BAR 5 [mem 0xcbf08000-0xcbf09fff]
[    0.570629] kernel: pci 0000:05:00.5: enabling Extended Tags
[    0.570719] kernel: pci 0000:05:00.7: [1022:14cc] type 00 class 0x040300 PCIe Endpoint
[    0.570726] kernel: pci 0000:05:00.7: BAR 0 [mem 0xcbf00000-0xcbf07fff]
[    0.570742] kernel: pci 0000:05:00.7: enabling Extended Tags
[    0.570766] kernel: pci 0000:05:00.7: PME# supported from D0 D3hot D3cold
[    0.570836] kernel: pci 0000:00:07.1: PCI bridge to [bus 05]
[    0.572136] kernel: ACPI: PCI Root Bridge [PCI1] (domain 0000 [bus 40-7f])
[    0.572140] kernel: acpi PNP0A08:03: _OSC: OS supports [ExtendedConfig ASPM ClockPM Segments MSI EDR HPX-Type3]
[    0.572285] kernel: acpi PNP0A08:03: _OSC: platform does not support [LTR DPC]
[    0.572555] kernel: acpi PNP0A08:03: _OSC: OS now controls [PCIeHotplug SHPCHotplug PME AER PCIeCapability]
[    0.573023] kernel: PCI host bridge to bus 0000:40
[    0.573024] kernel: pci_bus 0000:40: root bus resource [io  0x4000-0x6fff window]
[    0.573026] kernel: pci_bus 0000:40: root bus resource [mem 0x80000000-0x83ffffff window]
[    0.573027] kernel: pci_bus 0000:40: root bus resource [mem 0x64020400000-0x699b33fffff window]
[    0.573029] kernel: pci_bus 0000:40: root bus resource [bus 40-7f]
[    0.573041] kernel: pci 0000:40:00.0: [1022:14a4] type 00 class 0x060000 conventional PCI endpoint
[    0.573099] kernel: pci 0000:40:00.2: [1022:149e] type 00 class 0x080600 conventional PCI endpoint
[    0.573182] kernel: pci 0000:40:00.3: [1022:14a6] type 00 class 0x080700 PCIe Root Complex Event Collector
[    0.573213] kernel: pci 0000:40:00.3: enabling Extended Tags
[    0.573349] kernel: pci 0000:40:01.0: [1022:149f] type 00 class 0x060000 conventional PCI endpoint
[    0.573402] kernel: pci 0000:40:01.1: [1022:14ab] type 01 class 0x060400 PCIe Root Port
[    0.573417] kernel: pci 0000:40:01.1: PCI bridge to [bus 41]
[    0.573421] kernel: pci 0000:40:01.1:   bridge window [io  0x6000-0x6fff]
[    0.573423] kernel: pci 0000:40:01.1:   bridge window [mem 0x82000000-0x830fffff]
[    0.573429] kernel: pci 0000:40:01.1:   bridge window [mem 0x699a0000000-0x699b1ffffff 64bit pref]
[    0.573488] kernel: pci 0000:40:01.1: PME# supported from D0 D3hot D3cold
[    0.573629] kernel: pci 0000:40:02.0: [1022:149f] type 00 class 0x060000 conventional PCI endpoint
[    0.573677] kernel: pci 0000:40:03.0: [1022:149f] type 00 class 0x060000 conventional PCI endpoint
[    0.573729] kernel: pci 0000:40:03.2: [1022:14a5] type 01 class 0x060400 PCIe Root Port
[    0.573742] kernel: pci 0000:40:03.2: PCI bridge to [bus 42]
[    0.573747] kernel: pci 0000:40:03.2:   bridge window [mem 0x83400000-0x838fffff]
[    0.573801] kernel: pci 0000:40:03.2: PME# supported from D0 D3hot D3cold
[    0.573928] kernel: pci 0000:40:03.3: [1022:14a5] type 01 class 0x060400 PCIe Root Port
[    0.573945] kernel: pci 0000:40:03.3: PCI bridge to [bus 43]
[    0.573949] kernel: pci 0000:40:03.3:   bridge window [mem 0x83c00000-0x83dfffff]
[    0.573960] kernel: pci 0000:40:03.3: enabling Extended Tags
[    0.574006] kernel: pci 0000:40:03.3: PME# supported from D0 D3hot D3cold
[    0.574163] kernel: pci 0000:40:03.4: [1022:14a5] type 01 class 0x060400 PCIe Root Port
[    0.574177] kernel: pci 0000:40:03.4: PCI bridge to [bus 44]
[    0.574182] kernel: pci 0000:40:03.4:   bridge window [mem 0x83f00000-0x83ffffff]
[    0.574187] kernel: pci 0000:40:03.4:   bridge window [mem 0x699b2100000-0x699b21fffff 64bit pref]
[    0.574237] kernel: pci 0000:40:03.4: PME# supported from D0 D3hot D3cold
[    0.574363] kernel: pci 0000:40:03.5: [1022:14a5] type 01 class 0x060400 PCIe Root Port
[    0.574377] kernel: pci 0000:40:03.5: PCI bridge to [bus 45]
[    0.574381] kernel: pci 0000:40:03.5:   bridge window [mem 0x83e00000-0x83efffff]
[    0.574435] kernel: pci 0000:40:03.5: PME# supported from D0 D3hot D3cold
[    0.574562] kernel: pci 0000:40:03.6: [1022:14a5] type 01 class 0x060400 PCIe Root Port
[    0.574576] kernel: pci 0000:40:03.6: PCI bridge to [bus 46-49]
[    0.574580] kernel: pci 0000:40:03.6:   bridge window [mem 0x83a00000-0x83bfffff]
[    0.574635] kernel: pci 0000:40:03.6: PME# supported from D0 D3hot D3cold
[    0.574778] kernel: pci 0000:40:04.0: [1022:149f] type 00 class 0x060000 conventional PCI endpoint
[    0.574826] kernel: pci 0000:40:05.0: [1022:149f] type 00 class 0x060000 conventional PCI endpoint
[    0.574875] kernel: pci 0000:40:07.0: [1022:149f] type 00 class 0x060000 conventional PCI endpoint
[    0.574924] kernel: pci 0000:40:07.1: [1022:14a7] type 01 class 0x060400 PCIe Root Port
[    0.574937] kernel: pci 0000:40:07.1: PCI bridge to [bus 4a]
[    0.574949] kernel: pci 0000:40:07.1: enabling Extended Tags
[    0.574986] kernel: pci 0000:40:07.1: PME# supported from D0 D3hot D3cold
[    0.575134] kernel: pci 0000:41:00.0: [10de:2684] type 00 class 0x030000 PCIe Legacy Endpoint
[    0.575143] kernel: pci 0000:41:00.0: BAR 0 [mem 0x82000000-0x82ffffff]
[    0.575151] kernel: pci 0000:41:00.0: BAR 1 [mem 0x699a0000000-0x699afffffff 64bit pref]
[    0.575158] kernel: pci 0000:41:00.0: BAR 3 [mem 0x699b0000000-0x699b1ffffff 64bit pref]
[    0.575164] kernel: pci 0000:41:00.0: BAR 5 [io  0x6000-0x607f]
[    0.575169] kernel: pci 0000:41:00.0: ROM [mem 0x83000000-0x8307ffff pref]
[    0.575215] kernel: pci 0000:41:00.0: PME# supported from D0 D3hot
[    0.575348] kernel: pci 0000:41:00.1: [10de:22ba] type 00 class 0x040300 PCIe Endpoint
[    0.575356] kernel: pci 0000:41:00.1: BAR 0 [mem 0x83080000-0x83083fff]
[    0.575475] kernel: pci 0000:40:01.1: PCI bridge to [bus 41]
[    0.575540] kernel: pci 0000:42:00.0: [1d6a:04c0] type 00 class 0x020000 PCIe Endpoint
[    0.575553] kernel: pci 0000:42:00.0: BAR 0 [mem 0x83800000-0x8387ffff 64bit]
[    0.575561] kernel: pci 0000:42:00.0: BAR 2 [mem 0x838a0000-0x838a0fff 64bit]
[    0.575569] kernel: pci 0000:42:00.0: BAR 4 [mem 0x83400000-0x837fffff 64bit]
[    0.575575] kernel: pci 0000:42:00.0: ROM [mem 0x83880000-0x8389ffff pref]
[    0.575635] kernel: pci 0000:42:00.0: supports D1 D2
[    0.575637] kernel: pci 0000:42:00.0: PME# supported from D0 D1 D3hot D3cold
[    0.575715] kernel: pci 0000:42:00.0: 31.506 Gb/s available PCIe bandwidth, limited by 16.0 GT/s PCIe x2 link at 0000:40:03.2 (capable of 63.012 Gb/s with 16.0 GT/s PCIe x4 link)
[    0.575788] kernel: pci 0000:40:03.2: PCI bridge to [bus 42]
[    0.575869] kernel: pci 0000:43:00.0: [8086:125b] type 00 class 0x020000 PCIe Endpoint
[    0.575881] kernel: pci 0000:43:00.0: BAR 0 [mem 0x83c00000-0x83cfffff]
[    0.575896] kernel: pci 0000:43:00.0: BAR 3 [mem 0x83d00000-0x83d03fff]
[    0.575980] kernel: pci 0000:43:00.0: PME# supported from D0 D3hot D3cold
[    0.576174] kernel: pci 0000:40:03.3: PCI bridge to [bus 43]
[    0.576244] kernel: pci 0000:44:00.0: [14c3:0616] type 00 class 0x028000 PCIe Endpoint
[    0.576261] kernel: pci 0000:44:00.0: BAR 0 [mem 0x699b2100000-0x699b21fffff 64bit pref]
[    0.576271] kernel: pci 0000:44:00.0: BAR 2 [mem 0x83f00000-0x83f07fff 64bit]
[    0.576351] kernel: pci 0000:44:00.0: PME# supported from D0 D3hot D3cold
[    0.576506] kernel: pci 0000:40:03.4: PCI bridge to [bus 44]
[    0.576571] kernel: pci 0000:45:00.0: [1b21:3242] type 00 class 0x0c0330 PCIe Legacy Endpoint
[    0.576586] kernel: pci 0000:45:00.0: BAR 0 [mem 0x83e00000-0x83e07fff 64bit]
[    0.576671] kernel: pci 0000:45:00.0: PME# supported from D0 D3hot D3cold
[    0.576802] kernel: pci 0000:40:03.5: PCI bridge to [bus 45]
[    0.576960] kernel: pci 0000:46:00.0: [1022:43f4] type 01 class 0x060400 PCIe Switch Upstream Port
[    0.576982] kernel: pci 0000:46:00.0: PCI bridge to [bus 47-49]
[    0.576988] kernel: pci 0000:46:00.0:   bridge window [mem 0x83a00000-0x83bfffff]
[    0.577054] kernel: pci 0000:46:00.0: PME# supported from D0 D3hot D3cold
[    0.577704] kernel: pci 0000:40:03.6: PCI bridge to [bus 46-49]
[    0.578255] kernel: pci 0000:47:0c.0: [1022:43f5] type 01 class 0x060400 PCIe Switch Downstream Port
[    0.578276] kernel: pci 0000:47:0c.0: PCI bridge to [bus 48]
[    0.578281] kernel: pci 0000:47:0c.0:   bridge window [mem 0x83b00000-0x83bfffff]
[    0.578333] kernel: pci 0000:47:0c.0: PME# supported from D0 D3hot D3cold
[    0.578957] kernel: pci 0000:47:0d.0: [1022:43f5] type 01 class 0x060400 PCIe Switch Downstream Port
[    0.578978] kernel: pci 0000:47:0d.0: PCI bridge to [bus 49]
[    0.578983] kernel: pci 0000:47:0d.0:   bridge window [mem 0x83a00000-0x83afffff]
[    0.579035] kernel: pci 0000:47:0d.0: PME# supported from D0 D3hot D3cold
[    0.579622] kernel: pci 0000:46:00.0: PCI bridge to [bus 47-49]
[    0.579957] kernel: pci 0000:48:00.0: [1022:43f7] type 00 class 0x0c0330 PCIe Legacy Endpoint
[    0.579971] kernel: pci 0000:48:00.0: BAR 0 [mem 0x83b00000-0x83b07fff 64bit]
[    0.580040] kernel: pci 0000:48:00.0: PME# supported from D0 D3hot D3cold
[    0.580707] kernel: pci 0000:47:0c.0: PCI bridge to [bus 48]
[    0.580751] kernel: pci 0000:49:00.0: [1022:43f6] type 00 class 0x010601 PCIe Legacy Endpoint
[    0.580786] kernel: pci 0000:49:00.0: BAR 5 [mem 0x83a80000-0x83a803ff]
[    0.580793] kernel: pci 0000:49:00.0: ROM [mem 0x83a00000-0x83a7ffff pref]
[    0.580830] kernel: pci 0000:49:00.0: PME# supported from D0 D3hot D3cold
[    0.580899] kernel: pci 0000:47:0d.0: PCI bridge to [bus 49]
[    0.581018] kernel: pci 0000:4a:00.0: [1022:14ac] type 00 class 0x130000 PCIe Endpoint
[    0.581039] kernel: pci 0000:4a:00.0: enabling Extended Tags
[    0.581145] kernel: pci 0000:40:07.1: PCI bridge to [bus 4a]
[    0.581485] kernel: ACPI: PCI: Interrupt link LNKA configured for IRQ 0
[    0.581550] kernel: ACPI: PCI: Interrupt link LNKB configured for IRQ 0
[    0.581608] kernel: ACPI: PCI: Interrupt link LNKC configured for IRQ 0
[    0.581676] kernel: ACPI: PCI: Interrupt link LNKD configured for IRQ 0
[    0.581738] kernel: ACPI: PCI: Interrupt link LNKE configured for IRQ 0
[    0.581790] kernel: ACPI: PCI: Interrupt link LNKF configured for IRQ 0
[    0.581842] kernel: ACPI: PCI: Interrupt link LNKG configured for IRQ 0
[    0.581895] kernel: ACPI: PCI: Interrupt link LNKH configured for IRQ 0
[    0.583923] kernel: ACPI: EC: interrupt unblocked
[    0.583925] kernel: ACPI: EC: event unblocked
[    0.583930] kernel: ACPI: EC: EC_CMD/EC_SC=0x66, EC_DATA=0x62
[    0.583931] kernel: ACPI: EC: GPE=0x6
[    0.583932] kernel: ACPI: \_SB_.PCI0.SBRG.EC0_: Boot DSDT EC initialization complete
[    0.583934] kernel: ACPI: \_SB_.PCI0.SBRG.EC0_: EC: Used to handle transactions and events
[    0.584007] kernel: iommu: Default domain type: Translated
[    0.584007] kernel: iommu: DMA domain TLB invalidation policy: lazy mode
[    0.584098] kernel: SCSI subsystem initialized
[    0.584111] kernel: libata version 3.00 loaded.
[    0.584111] kernel: ACPI: bus type USB registered
[    0.584111] kernel: usbcore: registered new interface driver usbfs
[    0.584111] kernel: usbcore: registered new interface driver hub
[    0.584111] kernel: usbcore: registered new device driver usb
[    0.608413] kernel: i2c i2c-3: Failed to register i2c client ITE8853:01 at 0x40 (-16)
[    0.608587] kernel: pps_core: LinuxPPS API ver. 1 registered
[    0.608588] kernel: pps_core: Software ver. 5.3.6 - Copyright 2005-2007 Rodolfo Giometti <giometti@linux.it>
[    0.608591] kernel: PTP clock support registered
[    0.608614] kernel: EDAC MC: Ver: 3.0.0
[    0.608614] kernel: efivars: Registered efivars operations
[    0.609169] kernel: NetLabel: Initializing
[    0.609170] kernel: NetLabel:  domain hash size = 128
[    0.609171] kernel: NetLabel:  protocols = UNLABELED CIPSOv4 CALIPSO
[    0.609187] kernel: NetLabel:  unlabeled traffic allowed by default
[    0.609200] kernel: mctp: management component transport protocol core
[    0.609200] kernel: NET: Registered PF_MCTP protocol family
[    0.609200] kernel: PCI: Using ACPI for IRQ routing
[    0.612403] kernel: PCI: pci_cache_line_size set to 64 bytes
[    0.612501] kernel: e820: reserve RAM buffer [mem 0x09aff000-0x0bffffff]
[    0.612502] kernel: e820: reserve RAM buffer [mem 0x0b000000-0x0bffffff]
[    0.612504] kernel: e820: reserve RAM buffer [mem 0x4275a018-0x43ffffff]
[    0.612505] kernel: e820: reserve RAM buffer [mem 0x4277f018-0x43ffffff]
[    0.612506] kernel: e820: reserve RAM buffer [mem 0x42792018-0x43ffffff]
[    0.612507] kernel: e820: reserve RAM buffer [mem 0x5c535000-0x5fffffff]
[    0.612508] kernel: e820: reserve RAM buffer [mem 0x623e8000-0x63ffffff]
[    0.612509] kernel: e820: reserve RAM buffer [mem 0x6fff3000-0x6fffffff]
[    0.612510] kernel: e820: reserve RAM buffer [mem 0x6fffe000-0x6fffffff]
[    0.612511] kernel: e820: reserve RAM buffer [mem 0x207dbc0000-0x207fffffff]
[    0.612564] kernel: pci 0000:82:00.0: vgaarb: setting as boot VGA device
[    0.612564] kernel: pci 0000:82:00.0: vgaarb: bridge control possible
[    0.612564] kernel: pci 0000:82:00.0: vgaarb: VGA device added: decodes=io+mem,owns=none,locks=none
[    0.612564] kernel: pci 0000:41:00.0: vgaarb: bridge control possible
[    0.612564] kernel: pci 0000:41:00.0: vgaarb: VGA device added: decodes=io+mem,owns=none,locks=none
[    0.612564] kernel: vgaarb: loaded
[    0.612564] kernel: hpet0: at MMIO 0xfed00000, IRQs 2, 8, 0
[    0.612564] kernel: hpet0: 3 comparators, 32-bit 14.318180 MHz counter
[    0.614061] kernel: clocksource: Switched to clocksource tsc-early
[    0.614105] kernel: VFS: Disk quotas dquot_6.6.0
[    0.614119] kernel: VFS: Dquot-cache hash table entries: 512 (order 0, 4096 bytes)
[    0.614251] kernel: AppArmor: AppArmor Filesystem Enabled
[    0.614279] kernel: pnp: PnP ACPI init
[    0.614849] kernel: system 00:00: [mem 0xe0000000-0xefffffff] has been reserved
[    0.615468] kernel: system 00:02: [io  0x0290-0x029f] has been reserved
[    0.615470] kernel: system 00:02: [io  0x0200-0x021f] has been reserved
[    0.615812] kernel: pnp 00:03: [dma 0 disabled]
[    0.616144] kernel: system 00:04: [io  0x04d0-0x04d1] has been reserved
[    0.616146] kernel: system 00:04: [io  0x040b] has been reserved
[    0.616148] kernel: system 00:04: [io  0x04d6] has been reserved
[    0.616149] kernel: system 00:04: [io  0x0c00-0x0c01] has been reserved
[    0.616151] kernel: system 00:04: [io  0x0c14] has been reserved
[    0.616152] kernel: system 00:04: [io  0x0c50-0x0c51] has been reserved
[    0.616154] kernel: system 00:04: [io  0x0c52] has been reserved
[    0.616155] kernel: system 00:04: [io  0x0c6c] has been reserved
[    0.616157] kernel: system 00:04: [io  0x0c6f] has been reserved
[    0.616158] kernel: system 00:04: [io  0x0cd8-0x0cdf] has been reserved
[    0.616159] kernel: system 00:04: [io  0x0800-0x089f] has been reserved
[    0.616161] kernel: system 00:04: [io  0x0b00-0x0b0f] has been reserved
[    0.616162] kernel: system 00:04: [io  0x0b20-0x0b3f] has been reserved
[    0.616164] kernel: system 00:04: [io  0x0900-0x090f] has been reserved
[    0.616165] kernel: system 00:04: [io  0x0910-0x091f] has been reserved
[    0.616167] kernel: system 00:04: [mem 0xfec00000-0xfec00fff] could not be reserved
[    0.616169] kernel: system 00:04: [mem 0xfedc0000-0xfedc0fff] has been reserved
[    0.616170] kernel: system 00:04: [mem 0xfee00000-0xfee00fff] has been reserved
[    0.616172] kernel: system 00:04: [mem 0xfed80000-0xfed8ffff] could not be reserved
[    0.616174] kernel: system 00:04: [mem 0xfec10000-0xfec10fff] has been reserved
[    0.616175] kernel: system 00:04: [mem 0xff000000-0xffffffff] has been reserved
[    0.617443] kernel: pnp: PnP ACPI: found 5 devices
[    0.623577] kernel: clocksource: acpi_pm: mask: 0xffffff max_cycles: 0xffffff, max_idle_ns: 2085701024 ns
[    0.623633] kernel: NET: Registered PF_INET protocol family
[    0.623701] kernel: IP idents hash table entries: 262144 (order: 9, 2097152 bytes, linear)
[    0.634909] kernel: tcp_listen_portaddr_hash hash table entries: 65536 (order: 8, 1048576 bytes, linear)
[    0.634960] kernel: Table-perturb hash table entries: 65536 (order: 6, 262144 bytes, linear)
[    0.635067] kernel: TCP established hash table entries: 524288 (order: 10, 4194304 bytes, linear)
[    0.635339] kernel: TCP bind hash table entries: 65536 (order: 9, 2097152 bytes, linear)
[    0.635400] kernel: TCP: Hash tables configured (established 524288 bind 65536)
[    0.635562] kernel: MPTCP token hash table entries: 65536 (order: 8, 1572864 bytes, linear)
[    0.635668] kernel: UDP hash table entries: 65536 (order: 9, 2097152 bytes, linear)
[    0.635811] kernel: UDP-Lite hash table entries: 65536 (order: 9, 2097152 bytes, linear)
[    0.635950] kernel: NET: Registered PF_UNIX/PF_LOCAL protocol family
[    0.635957] kernel: NET: Registered PF_XDP protocol family
[    0.635964] kernel: pci 0000:c0:07.1: PCI bridge to [bus c1]
[    0.635968] kernel: pci 0000:c0:07.1:   bridge window [mem 0xb3f00000-0xb3ffffff]
[    0.635981] kernel: pci_bus 0000:c0: resource 4 [io  0xa000-0xffff window]
[    0.635983] kernel: pci_bus 0000:c0: resource 5 [mem 0xb0000000-0xb3ffffff window]
[    0.635984] kernel: pci_bus 0000:c0: resource 6 [mem 0x10020400000-0x159b33fffff window]
[    0.635986] kernel: pci_bus 0000:c1: resource 1 [mem 0xb3f00000-0xb3ffffff]
[    0.636037] kernel: pci 0000:80:01.1: PCI bridge to [bus 81]
[    0.636040] kernel: pci 0000:80:01.1:   bridge window [mem 0x9b200000-0x9b2fffff]
[    0.636053] kernel: pci 0000:80:03.1: PCI bridge to [bus 82]
[    0.636055] kernel: pci 0000:80:03.1:   bridge window [io  0x9000-0x9fff]
[    0.636057] kernel: pci 0000:80:03.1:   bridge window [mem 0x9a000000-0x9b0fffff]
[    0.636060] kernel: pci 0000:80:03.1:   bridge window [mem 0x319a0000000-0x319b1ffffff 64bit pref]
[    0.636071] kernel: pci 0000:80:07.1: PCI bridge to [bus 83]
[    0.636084] kernel: pci_bus 0000:80: resource 4 [io  0x7000-0x9fff window]
[    0.636086] kernel: pci_bus 0000:80: resource 5 [mem 0x98000000-0x9bffffff window]
[    0.636087] kernel: pci_bus 0000:80: resource 6 [mem 0x2c020400000-0x319b33fffff window]
[    0.636089] kernel: pci_bus 0000:81: resource 1 [mem 0x9b200000-0x9b2fffff]
[    0.636090] kernel: pci_bus 0000:82: resource 0 [io  0x9000-0x9fff]
[    0.636092] kernel: pci_bus 0000:82: resource 1 [mem 0x9a000000-0x9b0fffff]
[    0.636093] kernel: pci_bus 0000:82: resource 2 [mem 0x319a0000000-0x319b1ffffff 64bit pref]
[    0.636129] kernel: pci 0000:00:05.1: PCI bridge to [bus 01]
[    0.636149] kernel: pci 0000:00:05.2: PCI bridge to [bus 02]
[    0.636169] kernel: pci 0000:00:05.3: PCI bridge to [bus 03]
[    0.636188] kernel: pci 0000:00:05.4: PCI bridge to [bus 04]
[    0.636208] kernel: pci 0000:00:07.1: PCI bridge to [bus 05]
[    0.636211] kernel: pci 0000:00:07.1:   bridge window [mem 0xcbd00000-0xcbffffff]
[    0.636221] kernel: pci_bus 0000:00: resource 4 [io  0x0000-0x03af window]
[    0.636222] kernel: pci_bus 0000:00: resource 5 [io  0x03e0-0x0cf7 window]
[    0.636224] kernel: pci_bus 0000:00: resource 6 [io  0x03b0-0x03df window]
[    0.636225] kernel: pci_bus 0000:00: resource 7 [io  0x1000-0x3fff window]
[    0.636226] kernel: pci_bus 0000:00: resource 8 [mem 0x000a0000-0x000dffff window]
[    0.636228] kernel: pci_bus 0000:00: resource 9 [mem 0xc8000000-0xcbffffff window]
[    0.636229] kernel: pci_bus 0000:00: resource 10 [mem 0x48020400000-0x4d9b33fffff window]
[    0.636231] kernel: pci_bus 0000:05: resource 1 [mem 0xcbd00000-0xcbffffff]
[    0.636299] kernel: pci 0000:40:01.1: PCI bridge to [bus 41]
[    0.636301] kernel: pci 0000:40:01.1:   bridge window [io  0x6000-0x6fff]
[    0.636304] kernel: pci 0000:40:01.1:   bridge window [mem 0x82000000-0x830fffff]
[    0.636307] kernel: pci 0000:40:01.1:   bridge window [mem 0x699a0000000-0x699b1ffffff 64bit pref]
[    0.636318] kernel: pci 0000:40:03.2: PCI bridge to [bus 42]
[    0.636320] kernel: pci 0000:40:03.2:   bridge window [mem 0x83400000-0x838fffff]
[    0.636332] kernel: pci 0000:40:03.3: PCI bridge to [bus 43]
[    0.636335] kernel: pci 0000:40:03.3:   bridge window [mem 0x83c00000-0x83dfffff]
[    0.636347] kernel: pci 0000:40:03.4: PCI bridge to [bus 44]
[    0.636349] kernel: pci 0000:40:03.4:   bridge window [mem 0x83f00000-0x83ffffff]
[    0.636352] kernel: pci 0000:40:03.4:   bridge window [mem 0x699b2100000-0x699b21fffff 64bit pref]
[    0.636363] kernel: pci 0000:40:03.5: PCI bridge to [bus 45]
[    0.636365] kernel: pci 0000:40:03.5:   bridge window [mem 0x83e00000-0x83efffff]
[    0.636377] kernel: pci 0000:47:0c.0: PCI bridge to [bus 48]
[    0.636380] kernel: pci 0000:47:0c.0:   bridge window [mem 0x83b00000-0x83bfffff]
[    0.636386] kernel: pci 0000:47:0d.0: PCI bridge to [bus 49]
[    0.636389] kernel: pci 0000:47:0d.0:   bridge window [mem 0x83a00000-0x83afffff]
[    0.636395] kernel: pci 0000:46:00.0: PCI bridge to [bus 47-49]
[    0.636398] kernel: pci 0000:46:00.0:   bridge window [mem 0x83a00000-0x83bfffff]
[    0.636404] kernel: pci 0000:40:03.6: PCI bridge to [bus 46-49]
[    0.636407] kernel: pci 0000:40:03.6:   bridge window [mem 0x83a00000-0x83bfffff]
[    0.636418] kernel: pci 0000:40:07.1: PCI bridge to [bus 4a]
[    0.636430] kernel: pci_bus 0000:40: resource 4 [io  0x4000-0x6fff window]
[    0.636431] kernel: pci_bus 0000:40: resource 5 [mem 0x80000000-0x83ffffff window]
[    0.636433] kernel: pci_bus 0000:40: resource 6 [mem 0x64020400000-0x699b33fffff window]
[    0.636434] kernel: pci_bus 0000:41: resource 0 [io  0x6000-0x6fff]
[    0.636435] kernel: pci_bus 0000:41: resource 1 [mem 0x82000000-0x830fffff]
[    0.636437] kernel: pci_bus 0000:41: resource 2 [mem 0x699a0000000-0x699b1ffffff 64bit pref]
[    0.636438] kernel: pci_bus 0000:42: resource 1 [mem 0x83400000-0x838fffff]
[    0.636440] kernel: pci_bus 0000:43: resource 1 [mem 0x83c00000-0x83dfffff]
[    0.636441] kernel: pci_bus 0000:44: resource 1 [mem 0x83f00000-0x83ffffff]
[    0.636442] kernel: pci_bus 0000:44: resource 2 [mem 0x699b2100000-0x699b21fffff 64bit pref]
[    0.636444] kernel: pci_bus 0000:45: resource 1 [mem 0x83e00000-0x83efffff]
[    0.636445] kernel: pci_bus 0000:46: resource 1 [mem 0x83a00000-0x83bfffff]
[    0.636447] kernel: pci_bus 0000:47: resource 1 [mem 0x83a00000-0x83bfffff]
[    0.636448] kernel: pci_bus 0000:48: resource 1 [mem 0x83b00000-0x83bfffff]
[    0.636449] kernel: pci_bus 0000:49: resource 1 [mem 0x83a00000-0x83afffff]
[    0.636686] kernel: pci 0000:82:00.1: extending delay after power-on from D3hot to 20 msec
[    0.636707] kernel: pci 0000:82:00.1: D0 power state depends on 0000:82:00.0
[    0.636905] kernel: pci 0000:41:00.1: extending delay after power-on from D3hot to 20 msec
[    0.636929] kernel: pci 0000:41:00.1: D0 power state depends on 0000:41:00.0
[    0.637121] kernel: ACPI Warning: \_SB.PCI1.GPPE.UP00.DP60._PRT: Return Package has no elements (empty) (20230628/nsprepkg-94)
[    0.637173] kernel: ACPI Warning: \_SB.PCI1.GPPE.UP00.DP60._PRT: Return Package has no elements (empty) (20230628/nsprepkg-94)
[    0.637202] kernel: PCI: CLS 64 bytes, default 64
[    0.637216] kernel: pci 0000:c0:00.2: AMD-Vi: IOMMU performance counters supported
[    0.637288] kernel: Trying to unpack rootfs image as initramfs...
[    0.638161] kernel: pci 0000:c0:00.3: Adding to iommu group 0
[    0.638193] kernel: pci 0000:c0:01.0: Adding to iommu group 1
[    0.638225] kernel: pci 0000:c0:02.0: Adding to iommu group 2
[    0.638257] kernel: pci 0000:c0:03.0: Adding to iommu group 3
[    0.638291] kernel: pci 0000:c0:04.0: Adding to iommu group 4
[    0.638322] kernel: pci 0000:c0:05.0: Adding to iommu group 5
[    0.638367] kernel: pci 0000:c0:07.0: Adding to iommu group 6
[    0.638387] kernel: pci 0000:c0:07.1: Adding to iommu group 6
[    0.638392] kernel: pci 0000:c1:00.0: Adding to iommu group 6
[    0.638397] kernel: pci 0000:c1:00.4: Adding to iommu group 6
[    0.639136] kernel: pci 0000:80:00.2: AMD-Vi: IOMMU performance counters supported
[    0.639917] kernel: pci 0000:80:00.3: Adding to iommu group 7
[    0.639951] kernel: pci 0000:80:01.0: Adding to iommu group 8
[    0.639972] kernel: pci 0000:80:01.1: Adding to iommu group 9
[    0.640005] kernel: pci 0000:80:02.0: Adding to iommu group 10
[    0.640038] kernel: pci 0000:80:03.0: Adding to iommu group 11
[    0.640058] kernel: pci 0000:80:03.1: Adding to iommu group 12
[    0.640094] kernel: pci 0000:80:04.0: Adding to iommu group 13
[    0.640126] kernel: pci 0000:80:05.0: Adding to iommu group 14
[    0.640171] kernel: pci 0000:80:07.0: Adding to iommu group 15
[    0.640193] kernel: pci 0000:80:07.1: Adding to iommu group 15
[    0.640214] kernel: pci 0000:81:00.0: Adding to iommu group 16
[    0.640260] kernel: pci 0000:82:00.0: Adding to iommu group 17
[    0.640282] kernel: pci 0000:82:00.1: Adding to iommu group 17
[    0.640287] kernel: pci 0000:83:00.0: Adding to iommu group 15
[    0.641516] kernel: pci 0000:00:00.2: AMD-Vi: IOMMU performance counters supported
[    0.642115] kernel: pci 0000:00:00.3: Adding to iommu group 18
[    0.642149] kernel: pci 0000:00:01.0: Adding to iommu group 19
[    0.642182] kernel: pci 0000:00:02.0: Adding to iommu group 20
[    0.642214] kernel: pci 0000:00:03.0: Adding to iommu group 21
[    0.642247] kernel: pci 0000:00:04.0: Adding to iommu group 22
[    0.642333] kernel: pci 0000:00:05.0: Adding to iommu group 23
[    0.642356] kernel: pci 0000:00:05.1: Adding to iommu group 23
[    0.642380] kernel: pci 0000:00:05.2: Adding to iommu group 23
[    0.642405] kernel: pci 0000:00:05.3: Adding to iommu group 23
[    0.642429] kernel: pci 0000:00:05.4: Adding to iommu group 23
[    0.642476] kernel: pci 0000:00:07.0: Adding to iommu group 24
[    0.642500] kernel: pci 0000:00:07.1: Adding to iommu group 24
[    0.642546] kernel: pci 0000:00:14.0: Adding to iommu group 25
[    0.642570] kernel: pci 0000:00:14.3: Adding to iommu group 25
[    0.642694] kernel: pci 0000:00:18.0: Adding to iommu group 26
[    0.642720] kernel: pci 0000:00:18.1: Adding to iommu group 26
[    0.642744] kernel: pci 0000:00:18.2: Adding to iommu group 26
[    0.642769] kernel: pci 0000:00:18.3: Adding to iommu group 26
[    0.642794] kernel: pci 0000:00:18.4: Adding to iommu group 26
[    0.642818] kernel: pci 0000:00:18.5: Adding to iommu group 26
[    0.642843] kernel: pci 0000:00:18.6: Adding to iommu group 26
[    0.642867] kernel: pci 0000:00:18.7: Adding to iommu group 26
[    0.642873] kernel: pci 0000:05:00.0: Adding to iommu group 24
[    0.642878] kernel: pci 0000:05:00.4: Adding to iommu group 24
[    0.642883] kernel: pci 0000:05:00.5: Adding to iommu group 24
[    0.642887] kernel: pci 0000:05:00.7: Adding to iommu group 24
[    0.643874] kernel: pci 0000:40:00.2: AMD-Vi: IOMMU performance counters supported
[    0.644472] kernel: pci 0000:40:00.3: Adding to iommu group 27
[    0.644506] kernel: pci 0000:40:01.0: Adding to iommu group 28
[    0.644527] kernel: pci 0000:40:01.1: Adding to iommu group 29
[    0.644559] kernel: pci 0000:40:02.0: Adding to iommu group 30
[    0.644596] kernel: pci 0000:40:03.0: Adding to iommu group 31
[    0.644617] kernel: pci 0000:40:03.2: Adding to iommu group 32
[    0.644638] kernel: pci 0000:40:03.3: Adding to iommu group 33
[    0.644659] kernel: pci 0000:40:03.4: Adding to iommu group 34
[    0.644680] kernel: pci 0000:40:03.5: Adding to iommu group 35
[    0.644702] kernel: pci 0000:40:03.6: Adding to iommu group 36
[    0.644735] kernel: pci 0000:40:04.0: Adding to iommu group 37
[    0.644768] kernel: pci 0000:40:05.0: Adding to iommu group 38
[    0.644814] kernel: pci 0000:40:07.0: Adding to iommu group 39
[    0.644843] kernel: pci 0000:40:07.1: Adding to iommu group 39
[    0.644890] kernel: pci 0000:41:00.0: Adding to iommu group 40
[    0.644920] kernel: pci 0000:41:00.1: Adding to iommu group 40
[    0.644940] kernel: pci 0000:42:00.0: Adding to iommu group 41
[    0.644962] kernel: pci 0000:43:00.0: Adding to iommu group 42
[    0.644982] kernel: pci 0000:44:00.0: Adding to iommu group 43
[    0.645003] kernel: pci 0000:45:00.0: Adding to iommu group 44
[    0.645024] kernel: pci 0000:46:00.0: Adding to iommu group 45
[    0.645045] kernel: pci 0000:47:0c.0: Adding to iommu group 46
[    0.645066] kernel: pci 0000:47:0d.0: Adding to iommu group 47
[    0.645071] kernel: pci 0000:48:00.0: Adding to iommu group 46
[    0.645076] kernel: pci 0000:49:00.0: Adding to iommu group 47
[    0.645083] kernel: pci 0000:4a:00.0: Adding to iommu group 39
[    0.647401] kernel: AMD-Vi: Extended features (0x25bf732fa2295afe, 0x1d): PPR X2APIC NX GT [5] IA GA PC GA_vAPIC
[    0.647409] kernel: AMD-Vi: Interrupt remapping enabled
[    0.647409] kernel: AMD-Vi: X2APIC enabled
[    0.647901] kernel: AMD-Vi: Virtual APIC enabled
[    0.647916] kernel: PCI-DMA: Using software bounce buffering for IO (SWIOTLB)
[    0.647917] kernel: software IO TLB: mapped [mem 0x000000005830a000-0x000000005c30a000] (64MB)
[    0.647968] kernel: LVT offset 0 assigned for vector 0x400
[    0.649587] kernel: perf: AMD IBS detected (0x00000bff)
[    0.649593] kernel: perf/amd_iommu: Detected AMD IOMMU #0 (2 banks, 4 counters/bank).
[    0.649598] kernel: perf/amd_iommu: Detected AMD IOMMU #1 (2 banks, 4 counters/bank).
[    0.649602] kernel: perf/amd_iommu: Detected AMD IOMMU #2 (2 banks, 4 counters/bank).
[    0.649607] kernel: perf/amd_iommu: Detected AMD IOMMU #3 (2 banks, 4 counters/bank).
[    0.650899] kernel: Initialise system trusted keyrings
[    0.650906] kernel: Key type blacklist registered
[    0.650936] kernel: workingset: timestamp_bits=36 max_order=25 bucket_order=0
[    0.650942] kernel: zbud: loaded
[    0.651171] kernel: squashfs: version 4.0 (2009/01/31) Phillip Lougher
[    0.651252] kernel: fuse: init (API version 7.39)
[    0.651359] kernel: integrity: Platform Keyring initialized
[    0.651363] kernel: integrity: Machine keyring initialized
[    0.658627] kernel: Key type asymmetric registered
[    0.658628] kernel: Asymmetric key parser 'x509' registered
[    0.658642] kernel: Block layer SCSI generic (bsg) driver version 0.4 loaded (major 243)
[    0.658691] kernel: io scheduler mq-deadline registered
[    0.661302] kernel: pcieport 0000:c0:00.3: PME: Signaling with IRQ 40
[    0.661401] kernel: pcieport 0000:c0:00.3: AER: enabled with IRQ 40
[    0.661489] kernel: pcieport 0000:c0:07.1: PME: Signaling with IRQ 41
[    0.661658] kernel: pcieport 0000:80:00.3: PME: Signaling with IRQ 43
[    0.661738] kernel: pcieport 0000:80:00.3: AER: enabled with IRQ 43
[    0.661824] kernel: pcieport 0000:80:01.1: PME: Signaling with IRQ 44
[    0.661933] kernel: pcieport 0000:80:03.1: PME: Signaling with IRQ 45
[    0.662082] kernel: pcieport 0000:80:07.1: PME: Signaling with IRQ 47
[    0.662236] kernel: pcieport 0000:00:00.3: PME: Signaling with IRQ 49
[    0.662317] kernel: pcieport 0000:00:00.3: AER: enabled with IRQ 49
[    0.662432] kernel: pcieport 0000:00:05.1: PME: Signaling with IRQ 50
[    0.662624] kernel: pcieport 0000:00:05.2: PME: Signaling with IRQ 51
[    0.662811] kernel: pcieport 0000:00:05.3: PME: Signaling with IRQ 52
[    0.662999] kernel: pcieport 0000:00:05.4: PME: Signaling with IRQ 53
[    0.663158] kernel: pcieport 0000:00:07.1: PME: Signaling with IRQ 54
[    0.663325] kernel: pcieport 0000:40:00.3: PME: Signaling with IRQ 56
[    0.663406] kernel: pcieport 0000:40:00.3: AER: enabled with IRQ 56
[    0.663488] kernel: pcieport 0000:40:01.1: PME: Signaling with IRQ 57
[    0.663597] kernel: pcieport 0000:40:03.2: PME: Signaling with IRQ 58
[    0.663694] kernel: pcieport 0000:40:03.3: PME: Signaling with IRQ 59
[    0.663791] kernel: pcieport 0000:40:03.4: PME: Signaling with IRQ 60
[    0.663886] kernel: pcieport 0000:40:03.5: PME: Signaling with IRQ 61
[    0.663980] kernel: pcieport 0000:40:03.6: PME: Signaling with IRQ 62
[    0.664133] kernel: pcieport 0000:40:07.1: PME: Signaling with IRQ 64
[    0.664417] kernel: shpchp: Standard Hot Plug PCI Controller Driver version: 0.4
[    0.665304] kernel: input: Power Button as /devices/LNXSYSTM:00/LNXSYBUS:00/PNP0C0C:00/input/input0
[    0.665323] kernel: ACPI: button: Power Button [PWRB]
[    0.665357] kernel: input: Power Button as /devices/LNXSYSTM:00/LNXPWRBN:00/input/input1
[    0.665390] kernel: ACPI: button: Power Button [PWRF]
[    0.665681] kernel: Estimated ratio of average max frequency by base frequency (times 1024): 1516
[    0.665693] kernel: Monitor-Mwait will be used to enter C-1 state
[    0.665696] kernel: ACPI: \_SB_.PLTF.C000: Found 2 idle states
[    0.665816] kernel: ACPI: \_SB_.PLTF.C002: Found 2 idle states
[    0.665909] kernel: ACPI: \_SB_.PLTF.C004: Found 2 idle states
[    0.666031] kernel: ACPI: \_SB_.PLTF.C006: Found 2 idle states
[    0.666165] kernel: ACPI: \_SB_.PLTF.C008: Found 2 idle states
[    0.666298] kernel: ACPI: \_SB_.PLTF.C00A: Found 2 idle states
[    0.666422] kernel: ACPI: \_SB_.PLTF.C00C: Found 2 idle states
[    0.666549] kernel: ACPI: \_SB_.PLTF.C00E: Found 2 idle states
[    0.666674] kernel: ACPI: \_SB_.PLTF.C010: Found 2 idle states
[    0.666784] kernel: ACPI: \_SB_.PLTF.C012: Found 2 idle states
[    0.666902] kernel: ACPI: \_SB_.PLTF.C014: Found 2 idle states
[    0.667013] kernel: ACPI: \_SB_.PLTF.C016: Found 2 idle states
[    0.667139] kernel: ACPI: \_SB_.PLTF.C018: Found 2 idle states
[    0.667251] kernel: ACPI: \_SB_.PLTF.C01A: Found 2 idle states
[    0.667365] kernel: ACPI: \_SB_.PLTF.C01C: Found 2 idle states
[    0.667476] kernel: ACPI: \_SB_.PLTF.C01E: Found 2 idle states
[    0.667593] kernel: ACPI: \_SB_.PLTF.C020: Found 2 idle states
[    0.667704] kernel: ACPI: \_SB_.PLTF.C022: Found 2 idle states
[    0.667819] kernel: ACPI: \_SB_.PLTF.C024: Found 2 idle states
[    0.667926] kernel: ACPI: \_SB_.PLTF.C026: Found 2 idle states
[    0.668037] kernel: ACPI: \_SB_.PLTF.C028: Found 2 idle states
[    0.668153] kernel: ACPI: \_SB_.PLTF.C02A: Found 2 idle states
[    0.668269] kernel: ACPI: \_SB_.PLTF.C02C: Found 2 idle states
[    0.668394] kernel: ACPI: \_SB_.PLTF.C02E: Found 2 idle states
[    0.668479] kernel: ACPI: \_SB_.PLTF.C001: Found 2 idle states
[    0.668585] kernel: ACPI: \_SB_.PLTF.C003: Found 2 idle states
[    0.668695] kernel: ACPI: \_SB_.PLTF.C005: Found 2 idle states
[    0.668811] kernel: ACPI: \_SB_.PLTF.C007: Found 2 idle states
[    0.668922] kernel: ACPI: \_SB_.PLTF.C009: Found 2 idle states
[    0.669027] kernel: ACPI: \_SB_.PLTF.C00B: Found 2 idle states
[    0.669136] kernel: ACPI: \_SB_.PLTF.C00D: Found 2 idle states
[    0.669243] kernel: ACPI: \_SB_.PLTF.C00F: Found 2 idle states
[    0.669353] kernel: ACPI: \_SB_.PLTF.C011: Found 2 idle states
[    0.669466] kernel: ACPI: \_SB_.PLTF.C013: Found 2 idle states
[    0.669574] kernel: ACPI: \_SB_.PLTF.C015: Found 2 idle states
[    0.669682] kernel: ACPI: \_SB_.PLTF.C017: Found 2 idle states
[    0.669785] kernel: ACPI: \_SB_.PLTF.C019: Found 2 idle states
[    0.669907] kernel: ACPI: \_SB_.PLTF.C01B: Found 2 idle states
[    0.670036] kernel: ACPI: \_SB_.PLTF.C01D: Found 2 idle states
[    0.670166] kernel: ACPI: \_SB_.PLTF.C01F: Found 2 idle states
[    0.670290] kernel: ACPI: \_SB_.PLTF.C021: Found 2 idle states
[    0.670404] kernel: ACPI: \_SB_.PLTF.C023: Found 2 idle states
[    0.670524] kernel: ACPI: \_SB_.PLTF.C025: Found 2 idle states
[    0.670647] kernel: ACPI: \_SB_.PLTF.C027: Found 2 idle states
[    0.670757] kernel: ACPI: \_SB_.PLTF.C029: Found 2 idle states
[    0.670878] kernel: ACPI: \_SB_.PLTF.C02B: Found 2 idle states
[    0.671004] kernel: ACPI: \_SB_.PLTF.C02D: Found 2 idle states
[    0.671129] kernel: ACPI: \_SB_.PLTF.C02F: Found 2 idle states
[    0.671326] kernel: ERST: Error Record Serialization Table (ERST) support is initialized.
[    0.671341] kernel: pstore: Using crash dump compression: deflate
[    0.671342] kernel: pstore: Registered erst as persistent store backend
[    0.674234] kernel: Serial: 8250/16550 driver, 32 ports, IRQ sharing enabled
[    0.695722] kernel: 00:03: ttyS0 at I/O 0x3f8 (irq = 4, base_baud = 115200) is a 16550A
[    0.700255] kernel: Linux agpgart interface v0.103
[    0.713128] kernel: tpm_crb MSFT0101:00: Disabling hwrng
[    0.719557] kernel: loop: module loaded
[    0.720222] kernel: ACPI: bus type drm_connector registered
[    0.720773] kernel: tun: Universal TUN/TAP device driver, 1.6
[    0.720808] kernel: PPP generic driver version 2.4.2
[    0.721600] kernel: i8042: PNP: No PS/2 controller found.
[    0.721642] kernel: mousedev: PS/2 mouse device common for all mice
[    0.721715] kernel: rtc_cmos 00:01: RTC can wake from S4
[    0.721887] kernel: rtc_cmos 00:01: registered as rtc0
[    0.721908] kernel: rtc_cmos 00:01: setting system clock to 2024-11-21T14:16:33 UTC (1732198593)
[    0.721930] kernel: rtc_cmos 00:01: alarms up to one month, y3k, 114 bytes nvram
[    0.721936] kernel: i2c_dev: i2c /dev entries driver
[    0.722689] kernel: device-mapper: core: CONFIG_IMA_DISABLE_HTABLE is disabled. Duplicate IMA measurements will not be recorded in the IMA log.
[    0.722696] kernel: device-mapper: uevent: version 1.0.3
[    0.722738] kernel: device-mapper: ioctl: 4.48.0-ioctl (2023-03-01) initialised: dm-devel@redhat.com
[    0.722756] kernel: platform eisa.0: Probing EISA bus 0
[    0.722758] kernel: platform eisa.0: EISA: Cannot allocate resource for mainboard
[    0.722759] kernel: platform eisa.0: Cannot allocate resource for EISA slot 1
[    0.722761] kernel: platform eisa.0: Cannot allocate resource for EISA slot 2
[    0.722762] kernel: platform eisa.0: Cannot allocate resource for EISA slot 3
[    0.722763] kernel: platform eisa.0: Cannot allocate resource for EISA slot 4
[    0.722765] kernel: platform eisa.0: Cannot allocate resource for EISA slot 5
[    0.722766] kernel: platform eisa.0: Cannot allocate resource for EISA slot 6
[    0.722767] kernel: platform eisa.0: Cannot allocate resource for EISA slot 7
[    0.722768] kernel: platform eisa.0: Cannot allocate resource for EISA slot 8
[    0.722769] kernel: platform eisa.0: EISA: Detected 0 cards
[    0.725518] kernel: ledtrig-cpu: registered to indicate activity on CPUs
[    0.726263] kernel: drop_monitor: Initializing network drop monitor service
[    0.726377] kernel: NET: Registered PF_INET6 protocol family
[    0.849611] kernel: Freeing initrd memory: 75532K
[    0.854148] kernel: Segment Routing with IPv6
[    0.854179] kernel: In-situ OAM (IOAM) with IPv6
[    0.854238] kernel: NET: Registered PF_PACKET protocol family
[    0.854316] kernel: Key type dns_resolver registered
[    0.856374] kernel: microcode: Current revision: 0x0a108105
[    0.857128] kernel: resctrl: L3 allocation detected
[    0.857129] kernel: resctrl: MB allocation detected
[    0.857130] kernel: resctrl: SMBA allocation detected
[    0.857131] kernel: resctrl: L3 monitoring detected
[    0.857184] kernel: IPI shorthand broadcast: enabled
[    0.858848] kernel: sched_clock: Marking stable (856918129, 1276730)->(937895916, -79701057)
[    0.858966] kernel: registered taskstats version 1
[    0.859915] kernel: Loading compiled-in X.509 certificates
[    0.860312] kernel: Loaded X.509 cert 'Build time autogenerated kernel key: 980a6e2497136d3c3006f05ac599b4e6d94c4fe6'
[    0.860602] kernel: Loaded X.509 cert 'Canonical Ltd. Live Patch Signing: 14df34d1a87cf37625abec039ef2bf521249b969'
[    0.860879] kernel: Loaded X.509 cert 'Canonical Ltd. Kernel Module Signing: 88f752e560a1e0737e31163a466ad7b70a850c19'
[    0.860881] kernel: blacklist: Loading compiled-in revocation X.509 certificates
[    0.860898] kernel: Loaded X.509 cert 'Canonical Ltd. Secure Boot Signing: 61482aa2830d0ab2ad5af10b7250da9033ddcef0'
[    0.860908] kernel: Loaded X.509 cert 'Canonical Ltd. Secure Boot Signing (2017): 242ade75ac4a15e50d50c84b0d45ff3eae707a03'
[    0.860916] kernel: Loaded X.509 cert 'Canonical Ltd. Secure Boot Signing (ESM 2018): 365188c1d374d6b07c3c8f240f8ef722433d6a8b'
[    0.860925] kernel: Loaded X.509 cert 'Canonical Ltd. Secure Boot Signing (2019): c0746fd6c5da3ae827864651ad66ae47fe24b3e8'
[    0.860934] kernel: Loaded X.509 cert 'Canonical Ltd. Secure Boot Signing (2021 v1): a8d54bbb3825cfb94fa13c9f8a594a195c107b8d'
[    0.860943] kernel: Loaded X.509 cert 'Canonical Ltd. Secure Boot Signing (2021 v2): 4cf046892d6fd3c9a5b03f98d845f90851dc6a8c'
[    0.860952] kernel: Loaded X.509 cert 'Canonical Ltd. Secure Boot Signing (2021 v3): 100437bb6de6e469b581e61cd66bce3ef4ed53af'
[    0.860960] kernel: Loaded X.509 cert 'Canonical Ltd. Secure Boot Signing (Ubuntu Core 2019): c1d57b8f6b743f23ee41f4f7ee292f06eecadfb9'
[    0.864757] kernel: Key type .fscrypt registered
[    0.864759] kernel: Key type fscrypt-provisioning registered
[    0.864812] kernel: Key type trusted registered
[    0.875285] kernel: Key type encrypted registered
[    0.875289] kernel: AppArmor: AppArmor sha256 policy hashing enabled
[    0.875351] kernel: integrity: Loading X.509 certificate: UEFI:db
[    0.875641] kernel: integrity: Loaded X.509 cert 'ASUSTeK MotherBoard SW Key Certificate: da83b990422ebc8c441f8d8b039a65a2'
[    0.875644] kernel: integrity: Loading X.509 certificate: UEFI:db
[    0.875875] kernel: integrity: Loaded X.509 cert 'ASUSTeK Notebook SW Key Certificate: b8e581e4df77a5bb4282d5ccfc00c071'
[    0.875878] kernel: integrity: Loading X.509 certificate: UEFI:db
[    0.875912] kernel: integrity: Loaded X.509 cert 'Microsoft Corporation UEFI CA 2011: 13adbf4309bd82709c8cd54f316ed522988a1bd4'
[    0.875915] kernel: integrity: Loading X.509 certificate: UEFI:db
[    0.875941] kernel: integrity: Loaded X.509 cert 'Microsoft Windows Production PCA 2011: a92902398e16c49778cd90f99e4f9ae17c55af53'
[    0.875944] kernel: integrity: Loading X.509 certificate: UEFI:db
[    0.876072] kernel: integrity: Loaded X.509 cert 'Canonical Ltd. Master Certificate Authority: ad91990bc22ab1f517048c23b6655a268e345a63'
[    0.876584] kernel: Loading compiled-in module X.509 certificates
[    0.876872] kernel: Loaded X.509 cert 'Build time autogenerated kernel key: 980a6e2497136d3c3006f05ac599b4e6d94c4fe6'
[    0.876874] kernel: ima: Allocated hash algorithm: sha256
[    0.909229] kernel: ima: No architecture policies found
[    0.909239] kernel: evm: Initialising EVM extended attributes:
[    0.909240] kernel: evm: security.selinux
[    0.909241] kernel: evm: security.SMACK64
[    0.909242] kernel: evm: security.SMACK64EXEC
[    0.909243] kernel: evm: security.SMACK64TRANSMUTE
[    0.909244] kernel: evm: security.SMACK64MMAP
[    0.909244] kernel: evm: security.apparmor
[    0.909245] kernel: evm: security.ima
[    0.909246] kernel: evm: security.capability
[    0.909247] kernel: evm: HMAC attrs: 0x1
[    0.909556] kernel: PM:   Magic number: 0:813:283
[    0.909808] kernel: GHES GHES.20777: hash matches
[    0.909910] kernel: GHES GHES.5020: hash matches
[    0.909928] kernel: GHES GHES.4865: hash matches
[    0.915510] kernel: RAS: Correctable Errors collector initialized.
[    0.915606] kernel: clk: Disabling unused clocks
[    0.916550] kernel: Freeing unused decrypted memory: 2028K
[    0.917146] kernel: Freeing unused kernel image (initmem) memory: 4972K
[    0.917148] kernel: Write protecting the kernel read-only data: 36864k
[    0.917372] kernel: Freeing unused kernel image (rodata/data gap) memory: 436K
[    0.952633] kernel: x86/mm: Checked W+X mappings: passed, no W+X pages found.
[    0.952637] kernel: Run /init as init process
[    0.952639] kernel:   with arguments:
[    0.952640] kernel:     /init
[    0.952641] kernel:     splash
[    0.952642] kernel:   with environment:
[    0.952643] kernel:     HOME=/
[    0.952643] kernel:     TERM=linux
[    0.952644] kernel:     BOOT_IMAGE=/boot/vmlinuz-6.8.0-49-generic
[    1.190453] kernel: piix4_smbus 0000:00:14.0: SMBus Host Controller at 0xb00, revision 0
[    1.190456] kernel: piix4_smbus 0000:00:14.0: Using register 0x02 for SMBus port selection
[    1.190716] kernel: piix4_smbus 0000:00:14.0: Auxiliary SMBus Host Controller at 0xb20
[    1.191194] kernel: xhci_hcd 0000:c1:00.4: xHCI Host Controller
[    1.191203] kernel: xhci_hcd 0000:c1:00.4: new USB bus registered, assigned bus number 1
[    1.191584] kernel: xhci_hcd 0000:c1:00.4: hcc params 0x0118ffc5 hci version 0x120 quirks 0x0000000200000010
[    1.191954] kernel: xhci_hcd 0000:c1:00.4: xHCI Host Controller
[    1.191958] kernel: xhci_hcd 0000:c1:00.4: new USB bus registered, assigned bus number 2
[    1.191961] kernel: xhci_hcd 0000:c1:00.4: Host supports USB 3.1 Enhanced SuperSpeed
[    1.192026] kernel: usb usb1: New USB device found, idVendor=1d6b, idProduct=0002, bcdDevice= 6.08
[    1.192029] kernel: usb usb1: New USB device strings: Mfr=3, Product=2, SerialNumber=1
[    1.192032] kernel: usb usb1: Product: xHCI Host Controller
[    1.192034] kernel: usb usb1: Manufacturer: Linux 6.8.0-49-generic xhci-hcd
[    1.192035] kernel: usb usb1: SerialNumber: 0000:c1:00.4
[    1.192226] kernel: MACsec IEEE 802.1AE
[    1.192282] kernel: hub 1-0:1.0: USB hub found
[    1.192294] kernel: hub 1-0:1.0: 2 ports detected
[    1.192932] kernel: usb usb2: We don't know the algorithms for LPM for this host, disabling LPM.
[    1.192956] kernel: usb usb2: New USB device found, idVendor=1d6b, idProduct=0003, bcdDevice= 6.08
[    1.192959] kernel: usb usb2: New USB device strings: Mfr=3, Product=2, SerialNumber=1
[    1.192961] kernel: usb usb2: Product: xHCI Host Controller
[    1.192963] kernel: usb usb2: Manufacturer: Linux 6.8.0-49-generic xhci-hcd
[    1.192965] kernel: usb usb2: SerialNumber: 0000:c1:00.4
[    1.193085] kernel: hub 2-0:1.0: USB hub found
[    1.193092] kernel: hub 2-0:1.0: 2 ports detected
[    1.193800] kernel: xhci_hcd 0000:05:00.4: xHCI Host Controller
[    1.193808] kernel: xhci_hcd 0000:05:00.4: new USB bus registered, assigned bus number 3
[    1.194169] kernel: xhci_hcd 0000:05:00.4: hcc params 0x0118ffc5 hci version 0x120 quirks 0x0000000200000010
[    1.194178] kernel: Intel(R) 2.5G Ethernet Linux Driver
[    1.194180] kernel: Copyright(c) 2018 Intel Corporation.
[    1.194206] kernel: igc 0000:43:00.0: enabling device (0000 -> 0002)
[    1.194288] kernel: igc 0000:43:00.0: PCIe PTM not supported by PCIe bus/controller
[    1.194568] kernel: xhci_hcd 0000:05:00.4: xHCI Host Controller
[    1.194572] kernel: xhci_hcd 0000:05:00.4: new USB bus registered, assigned bus number 4
[    1.194575] kernel: xhci_hcd 0000:05:00.4: Host supports USB 3.1 Enhanced SuperSpeed
[    1.194609] kernel: usb usb3: New USB device found, idVendor=1d6b, idProduct=0002, bcdDevice= 6.08
[    1.194611] kernel: usb usb3: New USB device strings: Mfr=3, Product=2, SerialNumber=1
[    1.194613] kernel: usb usb3: Product: xHCI Host Controller
[    1.194615] kernel: usb usb3: Manufacturer: Linux 6.8.0-49-generic xhci-hcd
[    1.194617] kernel: usb usb3: SerialNumber: 0000:05:00.4
[    1.194769] kernel: hub 3-0:1.0: USB hub found
[    1.194776] kernel: hub 3-0:1.0: 2 ports detected
[    1.195460] kernel: usb usb4: We don't know the algorithms for LPM for this host, disabling LPM.
[    1.195484] kernel: usb usb4: New USB device found, idVendor=1d6b, idProduct=0003, bcdDevice= 6.08
[    1.195487] kernel: usb usb4: New USB device strings: Mfr=3, Product=2, SerialNumber=1
[    1.195489] kernel: usb usb4: Product: xHCI Host Controller
[    1.195491] kernel: usb usb4: Manufacturer: Linux 6.8.0-49-generic xhci-hcd
[    1.195493] kernel: usb usb4: SerialNumber: 0000:05:00.4
[    1.195641] kernel: hub 4-0:1.0: USB hub found
[    1.195648] kernel: hub 4-0:1.0: 2 ports detected
[    1.196328] kernel: xhci_hcd 0000:45:00.0: xHCI Host Controller
[    1.196333] kernel: xhci_hcd 0000:45:00.0: new USB bus registered, assigned bus number 5
[    1.198913] kernel: ahci 0000:49:00.0: version 3.0
[    1.199077] kernel: ahci 0000:49:00.0: SSS flag set, parallel bus scan disabled
[    1.199102] kernel: ahci 0000:49:00.0: AHCI 0001.0301 32 slots 6 ports 6 Gbps 0xf impl SATA mode
[    1.199108] kernel: ahci 0000:49:00.0: flags: 64bit ncq sntf stag pm led clo only pmp pio slum part sxs deso sadm sds apst 
[    1.199919] kernel: scsi host0: ahci
[    1.200078] kernel: scsi host1: ahci
[    1.200193] kernel: scsi host2: ahci
[    1.200325] kernel: scsi host3: ahci
[    1.200480] kernel: scsi host4: ahci
[    1.200670] kernel: scsi host5: ahci
[    1.200762] kernel: ata1: SATA max UDMA/133 abar m1024@0x83a80000 port 0x83a80100 irq 86 lpm-pol 0
[    1.200764] kernel: ata2: SATA max UDMA/133 abar m1024@0x83a80000 port 0x83a80180 irq 86 lpm-pol 0
[    1.200766] kernel: ata3: SATA max UDMA/133 abar m1024@0x83a80000 port 0x83a80200 irq 86 lpm-pol 0
[    1.200767] kernel: ata4: SATA max UDMA/133 abar m1024@0x83a80000 port 0x83a80280 irq 86 lpm-pol 0
[    1.200769] kernel: ata5: DUMMY
[    1.200769] kernel: ata6: DUMMY
[    1.227523] kernel: pps pps0: new PPS source ptp0
[    1.227561] kernel: igc 0000:43:00.0 (unnamed net_device) (uninitialized): PHC added
[    1.242553] kernel: igc 0000:43:00.0: 4.000 Gb/s available PCIe bandwidth (5.0 GT/s PCIe x1 link)
[    1.242555] kernel: igc 0000:43:00.0 eth0: MAC: 10:7c:61:0c:e7:b5
[    1.244310] kernel: atlantic: Detect ATL2FW 1030022
[    1.251118] kernel: xhci_hcd 0000:45:00.0: hcc params 0x0200ef80 hci version 0x110 quirks 0x0000000000800010
[    1.251442] kernel: xhci_hcd 0000:45:00.0: xHCI Host Controller
[    1.251446] kernel: xhci_hcd 0000:45:00.0: new USB bus registered, assigned bus number 6
[    1.251451] kernel: xhci_hcd 0000:45:00.0: Host supports USB 3.2 Enhanced SuperSpeed
[    1.251522] kernel: usb usb5: New USB device found, idVendor=1d6b, idProduct=0002, bcdDevice= 6.08
[    1.251525] kernel: usb usb5: New USB device strings: Mfr=3, Product=2, SerialNumber=1
[    1.251528] kernel: usb usb5: Product: xHCI Host Controller
[    1.251530] kernel: usb usb5: Manufacturer: Linux 6.8.0-49-generic xhci-hcd
[    1.251531] kernel: usb usb5: SerialNumber: 0000:45:00.0
[    1.251692] kernel: hub 5-0:1.0: USB hub found
[    1.251703] kernel: hub 5-0:1.0: 1 port detected
[    1.251840] kernel: usb usb6: We don't know the algorithms for LPM for this host, disabling LPM.
[    1.251864] kernel: usb usb6: New USB device found, idVendor=1d6b, idProduct=0003, bcdDevice= 6.08
[    1.251867] kernel: usb usb6: New USB device strings: Mfr=3, Product=2, SerialNumber=1
[    1.251869] kernel: usb usb6: Product: xHCI Host Controller
[    1.251871] kernel: usb usb6: Manufacturer: Linux 6.8.0-49-generic xhci-hcd
[    1.251873] kernel: usb usb6: SerialNumber: 0000:45:00.0
[    1.252007] kernel: hub 6-0:1.0: USB hub found
[    1.252013] kernel: hub 6-0:1.0: 1 port detected
[    1.252167] kernel: ACPI Warning: \_SB.PCI1.GPPE.UP00.DP60._PRT: Return Package has no elements (empty) (20230628/nsprepkg-94)
[    1.252218] kernel: xhci_hcd 0000:48:00.0: xHCI Host Controller
[    1.252223] kernel: xhci_hcd 0000:48:00.0: new USB bus registered, assigned bus number 7
[    1.308315] kernel: xhci_hcd 0000:48:00.0: hcc params 0x0200ef81 hci version 0x110 quirks 0x0000000000000010
[    1.308804] kernel: xhci_hcd 0000:48:00.0: xHCI Host Controller
[    1.308808] kernel: xhci_hcd 0000:48:00.0: new USB bus registered, assigned bus number 8
[    1.308813] kernel: xhci_hcd 0000:48:00.0: Host supports USB 3.2 Enhanced SuperSpeed
